../lvgl/src/widgets/textarea/lv_textarea.c:978:13:pwd_char_hider_anim	0	static
../lvgl/src/widgets/textarea/lv_textarea.c:868:13:lv_textarea_destructor	8	static
../lvgl/src/widgets/textarea/lv_textarea.c:956:13:cursor_blink_anim_cb	32	static
../lvgl/src/widgets/textarea/lv_textarea.c:1055:13:start_cursor_blink	104	static
../lvgl/src/widgets/textarea/../label/../../core/lv_obj_style_gen.h:537:33:lv_obj_get_style_text_font.constprop	16	static
../lvgl/src/widgets/textarea/lv_textarea.c:1077:13:refr_cursor_area	80	static
../lvgl/src/widgets/textarea/lv_textarea.c:938:13:label_event_cb	16	static
../lvgl/src/widgets/textarea/lv_textarea.c:91:12:lv_textarea_create	8	static
../lvgl/src/widgets/textarea/lv_textarea.c:328:6:lv_textarea_set_placeholder_text	16	static
../lvgl/src/widgets/textarea/lv_textarea.c:357:6:lv_textarea_set_cursor_pos	32	static
../lvgl/src/widgets/textarea/lv_textarea.c:829:13:lv_textarea_constructor	16	static
../lvgl/src/widgets/textarea/lv_textarea.c:409:6:lv_textarea_set_cursor_click_pos	0	static
../lvgl/src/widgets/textarea/lv_textarea.c:478:6:lv_textarea_set_one_line	16	static
../lvgl/src/widgets/textarea/lv_textarea.c:502:6:lv_textarea_set_accepted_chars	0	static
../lvgl/src/widgets/textarea/lv_textarea.c:511:6:lv_textarea_set_max_length	0	static
../lvgl/src/widgets/textarea/lv_textarea.c:520:6:lv_textarea_set_insert_replace	0	static
../lvgl/src/widgets/textarea/lv_textarea.c:553:6:lv_textarea_set_align	16	static
../lvgl/src/widgets/textarea/lv_textarea.c:576:14:lv_textarea_get_text	0	static
../lvgl/src/widgets/textarea/lv_textarea.c:593:14:lv_textarea_get_placeholder_text	0	static
../lvgl/src/widgets/textarea/lv_textarea.c:602:12:lv_textarea_get_label	0	static
../lvgl/src/widgets/textarea/lv_textarea.c:610:10:lv_textarea_get_cursor_pos	0	static
../lvgl/src/widgets/textarea/lv_textarea.c:618:6:lv_textarea_get_cursor_click_pos	0	static
../lvgl/src/widgets/textarea/lv_textarea.c:626:6:lv_textarea_get_password_mode	0	static
../lvgl/src/widgets/textarea/lv_textarea.c:634:14:lv_textarea_get_password_bullet	32	static
../lvgl/src/widgets/textarea/lv_textarea.c:998:13:pwd_char_hider	40	static
../lvgl/src/widgets/textarea/lv_textarea.c:1369:13:auto_hide_characters	96	static
../lvgl/src/widgets/textarea/lv_textarea.c:988:13:pwd_char_hider_anim_completed	0	static
../lvgl/src/widgets/textarea/lv_textarea.c:448:6:lv_textarea_set_password_bullet	16	static
../lvgl/src/widgets/textarea/lv_textarea.c:544:6:lv_textarea_set_password_show_time	0	static
../lvgl/src/widgets/textarea/lv_textarea.c:651:6:lv_textarea_get_one_line	0	static
../lvgl/src/widgets/textarea/lv_textarea.c:659:14:lv_textarea_get_accepted_chars	0	static
../lvgl/src/widgets/textarea/lv_textarea.c:668:10:lv_textarea_get_max_length	0	static
../lvgl/src/widgets/textarea/lv_textarea.c:676:6:lv_textarea_text_is_selected	16	static
../lvgl/src/widgets/textarea/lv_textarea.c:696:6:lv_textarea_get_text_selection	0	static
../lvgl/src/widgets/textarea/lv_textarea.c:709:10:lv_textarea_get_password_show_time	0	static
../lvgl/src/widgets/textarea/lv_textarea.c:718:10:lv_textarea_get_current_char	24	static
../lvgl/src/widgets/textarea/lv_textarea.c:735:6:lv_textarea_clear_selection	16	static
../lvgl/src/widgets/textarea/lv_textarea.c:175:6:lv_textarea_add_text	32	static
../lvgl/src/widgets/textarea/lv_textarea.c:1276:20:insert_handler	16	static
../lvgl/src/widgets/textarea/lv_textarea.c:103:6:lv_textarea_add_char	32	static
../lvgl/src/widgets/textarea/lv_textarea.c:225:6:lv_textarea_delete_char	24	static
../lvgl/src/widgets/textarea/lv_textarea.c:269:6:lv_textarea_delete_char_forward	16	static
../lvgl/src/widgets/textarea/lv_textarea.c:282:6:lv_textarea_set_text	32	static
../lvgl/src/widgets/textarea/lv_textarea.c:417:6:lv_textarea_set_password_mode	16	static
../lvgl/src/widgets/textarea/lv_textarea.c:528:6:lv_textarea_set_text_selection	0	static
../lvgl/src/widgets/textarea/lv_textarea.c:752:6:lv_textarea_cursor_right	0	static
../lvgl/src/widgets/textarea/lv_textarea.c:761:6:lv_textarea_cursor_left	0	static
../lvgl/src/widgets/textarea/lv_textarea.c:772:6:lv_textarea_cursor_down	32	static
../lvgl/src/widgets/textarea/lv_textarea.c:801:6:lv_textarea_cursor_up	32	static
../lvgl/src/widgets/textarea/lv_textarea.c:887:13:lv_textarea_event	256	static
