../lvgl/src/widgets/label/lv_label.c:1214:13:lv_label_dot_tmp_free	8	static
../lvgl/src/widgets/label/lv_label.c:668:13:lv_label_destructor	8	static
../lvgl/src/widgets/label/lv_label.c:1231:13:set_ofs_y_anim	0	static
../lvgl/src/widgets/label/lv_label.c:1224:13:set_ofs_x_anim	0	static
../lvgl/src/widgets/label/lv_label.c:1276:13:calculate_x_coordinate	16	static
../lvgl/src/widgets/label/lv_label.c:826:13:overwrite_anim_property	0	static
../lvgl/src/widgets/label/lv_label.c:1137:13:lv_label_revert_dots	24	static
../lvgl/src/widgets/label/../../core/lv_obj_style_gen.h:549:23:lv_obj_get_style_text_line_space.constprop	16	static
../lvgl/src/widgets/label/../../core/lv_obj_style_gen.h:543:23:lv_obj_get_style_text_letter_space.constprop	16	static
../lvgl/src/widgets/label/../../core/lv_obj_style_gen.h:537:33:lv_obj_get_style_text_font.constprop	16	static
../lvgl/src/widgets/label/lv_label.c:1259:23:get_label_flags	24	static
../lvgl/src/widgets/label/lv_label.c:361:10:lv_label_get_letter_on.part.0	120	static
../lvgl/src/widgets/label/lv_label.c:855:13:lv_label_refr_text	184	static
../lvgl/src/widgets/label/lv_label.c:678:13:lv_label_event	200	static
../lvgl/src/widgets/label/lv_label.c:82:12:lv_label_create	8	static
../lvgl/src/widgets/label/lv_label.c:94:6:lv_label_set_text	24	static
../lvgl/src/widgets/label/lv_label.c:137:6:lv_label_set_text_fmt	28	static
../lvgl/src/widgets/label/lv_label.c:165:6:lv_label_set_text_static	16	static
../lvgl/src/widgets/label/lv_label.c:183:6:lv_label_set_long_mode	16	static
../lvgl/src/widgets/label/lv_label.c:635:13:lv_label_constructor	16	static
../lvgl/src/widgets/label/lv_label.c:208:6:lv_label_set_text_selection_start	0	static
../lvgl/src/widgets/label/lv_label.c:222:6:lv_label_set_text_selection_end	0	static
../lvgl/src/widgets/label/lv_label.c:240:8:lv_label_get_text	0	static
../lvgl/src/widgets/label/lv_label.c:247:22:lv_label_get_long_mode	0	static
../lvgl/src/widgets/label/lv_label.c:254:6:lv_label_get_letter_pos	120	static
../lvgl/src/widgets/label/lv_label.c:361:10:lv_label_get_letter_on	0	static
../lvgl/src/widgets/label/lv_label.c:481:6:lv_label_is_char_under_pos	104	static
../lvgl/src/widgets/label/lv_label.c:555:10:lv_label_get_text_selection_start	0	static
../lvgl/src/widgets/label/lv_label.c:568:10:lv_label_get_text_selection_end	0	static
../lvgl/src/widgets/label/lv_label.c:585:6:lv_label_ins_text	24	static
../lvgl/src/widgets/label/lv_label.c:613:6:lv_label_cut_text	16	static
