../lvgl/src/widgets/table/../label/../../core/lv_obj_style_gen.h:159:23:lv_obj_get_style_pad_left	16	static
../lvgl/src/widgets/table/../label/../../core/lv_obj_style_gen.h:165:23:lv_obj_get_style_pad_right	16	static
../lvgl/src/widgets/table/../label/../../core/lv_obj_style_gen.h:147:23:lv_obj_get_style_pad_top	16	static
../lvgl/src/widgets/table/lv_table.c:918:16:get_row_height	72	static
../lvgl/src/widgets/table/lv_table.c:525:13:lv_table_destructor	24	static
../lvgl/src/widgets/table/lv_table.c:506:13:lv_table_constructor	8	static
../lvgl/src/widgets/table/lv_table.c:1058:13:get_cell_area	32	static
../lvgl/src/widgets/table/lv_table.c:1093:13:scroll_to_selected_cell	32	static
../lvgl/src/widgets/table/lv_table.c:858:13:refr_size_form_row.constprop	88	static
../lvgl/src/widgets/table/lv_table.c:884:13:refr_cell_size	96	static
../lvgl/src/widgets/table/lv_table.c:668:13:draw_main	600	static
../lvgl/src/widgets/table/lv_table.c:547:13:lv_table_event	40	static
../lvgl/src/widgets/table/lv_table.c:76:12:lv_table_create	8	static
../lvgl/src/widgets/table/lv_table.c:200:6:lv_table_set_row_count	32	static
../lvgl/src/widgets/table/lv_table.c:243:6:lv_table_set_column_count	56	static
../lvgl/src/widgets/table/lv_table.c:88:6:lv_table_set_cell_value	40	static
../lvgl/src/widgets/table/lv_table.c:123:6:lv_table_set_cell_value_fmt	44	static
../lvgl/src/widgets/table/lv_table.c:302:6:lv_table_set_column_width	16	static
../lvgl/src/widgets/table/lv_table.c:315:6:lv_table_add_cell_ctrl	24	static
../lvgl/src/widgets/table/lv_table.c:340:6:lv_table_clear_cell_ctrl	24	static
../lvgl/src/widgets/table/lv_table.c:365:6:lv_table_set_cell_user_data	24	static
../lvgl/src/widgets/table/lv_table.c:394:6:lv_table_set_selected_cell	24	static
../lvgl/src/widgets/table/lv_table.c:418:14:lv_table_get_cell_value	0	static
../lvgl/src/widgets/table/lv_table.c:434:10:lv_table_get_row_count	0	static
../lvgl/src/widgets/table/lv_table.c:442:10:lv_table_get_column_count	0	static
../lvgl/src/widgets/table/lv_table.c:450:9:lv_table_get_column_width	0	static
../lvgl/src/widgets/table/lv_table.c:464:6:lv_table_has_cell_ctrl	8	static
../lvgl/src/widgets/table/lv_table.c:479:6:lv_table_get_selected_cell	0	static
../lvgl/src/widgets/table/lv_table.c:486:8:lv_table_get_cell_user_data	0	static
