../lvgl/src/widgets/image/lv_image.c:560:13:lv_image_constructor	16	static
../lvgl/src/widgets/image/lv_image.c:586:13:lv_image_destructor	8	static
../lvgl/src/widgets/image/lv_image.c:127:12:lv_image_create	8	static
../lvgl/src/widgets/image/lv_image.c:241:6:lv_image_set_offset_x	0	static
../lvgl/src/widgets/image/lv_image.c:251:6:lv_image_set_offset_y	0	static
../lvgl/src/widgets/image/lv_image.c:397:6:lv_image_set_blend_mode	0	static
../lvgl/src/widgets/image/lv_image.c:411:6:lv_image_set_antialias	0	static
../lvgl/src/widgets/image/lv_image.c:435:6:lv_image_set_bitmap_map_src	0	static
../lvgl/src/widgets/image/lv_image.c:447:14:lv_image_get_src	0	static
../lvgl/src/widgets/image/lv_image.c:456:9:lv_image_get_offset_x	0	static
../lvgl/src/widgets/image/lv_image.c:465:9:lv_image_get_offset_y	0	static
../lvgl/src/widgets/image/lv_image.c:474:9:lv_image_get_rotation	0	static
../lvgl/src/widgets/image/lv_image.c:483:6:lv_image_get_pivot	12	static
../lvgl/src/widgets/image/lv_image.c:802:13:scale_update	72	static
../lvgl/src/widgets/image/lv_image.c:349:6:lv_image_set_scale	0	static
../lvgl/src/widgets/image/lv_image.c:365:6:lv_image_set_scale_x	0	static
../lvgl/src/widgets/image/lv_image.c:381:6:lv_image_set_scale_y	0	static
../lvgl/src/widgets/image/lv_image.c:261:6:lv_image_set_rotation	64	static
../lvgl/src/widgets/image/lv_image.c:306:6:lv_image_set_pivot	72	static
../lvgl/src/widgets/image/lv_image.c:837:13:update_align	16	static
../lvgl/src/widgets/image/lv_image.c:139:6:lv_image_set_src	64	static
../lvgl/src/widgets/image/lv_image.c:422:6:lv_image_set_inner_align	8	static
../lvgl/src/widgets/image/lv_image.c:597:13:lv_image_event	200	static
../lvgl/src/widgets/image/lv_image.c:493:9:lv_image_get_scale	0	static
../lvgl/src/widgets/image/lv_image.c:502:9:lv_image_get_scale_x	0	static
../lvgl/src/widgets/image/lv_image.c:511:9:lv_image_get_scale_y	0	static
../lvgl/src/widgets/image/lv_image.c:520:17:lv_image_get_blend_mode	0	static
../lvgl/src/widgets/image/lv_image.c:529:6:lv_image_get_antialias	0	static
../lvgl/src/widgets/image/lv_image.c:538:18:lv_image_get_inner_align	0	static
../lvgl/src/widgets/image/lv_image.c:547:24:lv_image_get_bitmap_map_src	0	static
