../lvgl/src/stdlib/builtin/lv_string_builtin.c:56:30:lv_memcpy	16	static
../lvgl/src/stdlib/builtin/lv_string_builtin.c:118:28:lv_memset	4	static
../lvgl/src/stdlib/builtin/lv_string_builtin.c:148:30:lv_memmove	4	static
../lvgl/src/stdlib/builtin/lv_string_builtin.c:174:5:lv_memcmp	8	static
../lvgl/src/stdlib/builtin/lv_string_builtin.c:186:8:lv_strlen	0	static
../lvgl/src/stdlib/builtin/lv_string_builtin.c:194:8:lv_strlcpy	8	static
../lvgl/src/stdlib/builtin/lv_string_builtin.c:207:8:lv_strncpy	8	static
../lvgl/src/stdlib/builtin/lv_string_builtin.c:219:8:lv_strcpy	0	static
../lvgl/src/stdlib/builtin/lv_string_builtin.c:226:5:lv_strcmp	0	static
../lvgl/src/stdlib/builtin/lv_string_builtin.c:235:8:lv_strdup	16	static
../lvgl/src/stdlib/builtin/lv_string_builtin.c:245:8:lv_strcat	16	static
../lvgl/src/stdlib/builtin/lv_string_builtin.c:251:8:lv_strncat	12	static
