Archive member included to satisfy reference by file (symbol)

D:/Programs/STM32CubeIDE_1.10.1/STM32CubeIDE/plugins/com.st.stm32cube.ide.mcu.externaltools.gnu-tools-for-stm32.11.3.rel1.win32_1.1.1.202309131626/tools/bin/../lib/gcc/arm-none-eabi/11.3.1/../../../../arm-none-eabi/lib/thumb/v7e-m+fp/hard\libc_nano.a(libc_a-exit.o)
                              D:/Programs/STM32CubeIDE_1.10.1/STM32CubeIDE/plugins/com.st.stm32cube.ide.mcu.externaltools.gnu-tools-for-stm32.11.3.rel1.win32_1.1.1.202309131626/tools/bin/../lib/gcc/arm-none-eabi/11.3.1/../../../../arm-none-eabi/lib/thumb/v7e-m+fp/hard/crt0.o (exit)
D:/Programs/STM32CubeIDE_1.10.1/STM32CubeIDE/plugins/com.st.stm32cube.ide.mcu.externaltools.gnu-tools-for-stm32.11.3.rel1.win32_1.1.1.202309131626/tools/bin/../lib/gcc/arm-none-eabi/11.3.1/../../../../arm-none-eabi/lib/thumb/v7e-m+fp/hard\libc_nano.a(libc_a-nano-vfprintf_float.o)
                              (_printf_float)
D:/Programs/STM32CubeIDE_1.10.1/STM32CubeIDE/plugins/com.st.stm32cube.ide.mcu.externaltools.gnu-tools-for-stm32.11.3.rel1.win32_1.1.1.202309131626/tools/bin/../lib/gcc/arm-none-eabi/11.3.1/../../../../arm-none-eabi/lib/thumb/v7e-m+fp/hard\libc_nano.a(libc_a-nano-vfprintf_i.o)
                              D:/Programs/STM32CubeIDE_1.10.1/STM32CubeIDE/plugins/com.st.stm32cube.ide.mcu.externaltools.gnu-tools-for-stm32.11.3.rel1.win32_1.1.1.202309131626/tools/bin/../lib/gcc/arm-none-eabi/11.3.1/../../../../arm-none-eabi/lib/thumb/v7e-m+fp/hard\libc_nano.a(libc_a-nano-vfprintf_float.o) (_printf_common)
D:/Programs/STM32CubeIDE_1.10.1/STM32CubeIDE/plugins/com.st.stm32cube.ide.mcu.externaltools.gnu-tools-for-stm32.11.3.rel1.win32_1.1.1.202309131626/tools/bin/../lib/gcc/arm-none-eabi/11.3.1/../../../../arm-none-eabi/lib/thumb/v7e-m+fp/hard\libc_nano.a(libc_a-findfp.o)
                              D:/Programs/STM32CubeIDE_1.10.1/STM32CubeIDE/plugins/com.st.stm32cube.ide.mcu.externaltools.gnu-tools-for-stm32.11.3.rel1.win32_1.1.1.202309131626/tools/bin/../lib/gcc/arm-none-eabi/11.3.1/../../../../arm-none-eabi/lib/thumb/v7e-m+fp/hard\libc_nano.a(libc_a-exit.o) (__stdio_exit_handler)
D:/Programs/STM32CubeIDE_1.10.1/STM32CubeIDE/plugins/com.st.stm32cube.ide.mcu.externaltools.gnu-tools-for-stm32.11.3.rel1.win32_1.1.1.202309131626/tools/bin/../lib/gcc/arm-none-eabi/11.3.1/../../../../arm-none-eabi/lib/thumb/v7e-m+fp/hard\libc_nano.a(libc_a-fwalk.o)
                              D:/Programs/STM32CubeIDE_1.10.1/STM32CubeIDE/plugins/com.st.stm32cube.ide.mcu.externaltools.gnu-tools-for-stm32.11.3.rel1.win32_1.1.1.202309131626/tools/bin/../lib/gcc/arm-none-eabi/11.3.1/../../../../arm-none-eabi/lib/thumb/v7e-m+fp/hard\libc_nano.a(libc_a-findfp.o) (_fwalk_sglue)
D:/Programs/STM32CubeIDE_1.10.1/STM32CubeIDE/plugins/com.st.stm32cube.ide.mcu.externaltools.gnu-tools-for-stm32.11.3.rel1.win32_1.1.1.202309131626/tools/bin/../lib/gcc/arm-none-eabi/11.3.1/../../../../arm-none-eabi/lib/thumb/v7e-m+fp/hard\libc_nano.a(libc_a-printf.o)
                              ./Core/Src/main.o (printf)
D:/Programs/STM32CubeIDE_1.10.1/STM32CubeIDE/plugins/com.st.stm32cube.ide.mcu.externaltools.gnu-tools-for-stm32.11.3.rel1.win32_1.1.1.202309131626/tools/bin/../lib/gcc/arm-none-eabi/11.3.1/../../../../arm-none-eabi/lib/thumb/v7e-m+fp/hard\libc_nano.a(libc_a-puts.o)
                              ./Core/Src/main.o (puts)
D:/Programs/STM32CubeIDE_1.10.1/STM32CubeIDE/plugins/com.st.stm32cube.ide.mcu.externaltools.gnu-tools-for-stm32.11.3.rel1.win32_1.1.1.202309131626/tools/bin/../lib/gcc/arm-none-eabi/11.3.1/../../../../arm-none-eabi/lib/thumb/v7e-m+fp/hard\libc_nano.a(libc_a-sprintf.o)
                              ./Core/Src/sd_controll.o (sprintf)
D:/Programs/STM32CubeIDE_1.10.1/STM32CubeIDE/plugins/com.st.stm32cube.ide.mcu.externaltools.gnu-tools-for-stm32.11.3.rel1.win32_1.1.1.202309131626/tools/bin/../lib/gcc/arm-none-eabi/11.3.1/../../../../arm-none-eabi/lib/thumb/v7e-m+fp/hard\libc_nano.a(libc_a-stdio.o)
                              D:/Programs/STM32CubeIDE_1.10.1/STM32CubeIDE/plugins/com.st.stm32cube.ide.mcu.externaltools.gnu-tools-for-stm32.11.3.rel1.win32_1.1.1.202309131626/tools/bin/../lib/gcc/arm-none-eabi/11.3.1/../../../../arm-none-eabi/lib/thumb/v7e-m+fp/hard\libc_nano.a(libc_a-findfp.o) (__sread)
D:/Programs/STM32CubeIDE_1.10.1/STM32CubeIDE/plugins/com.st.stm32cube.ide.mcu.externaltools.gnu-tools-for-stm32.11.3.rel1.win32_1.1.1.202309131626/tools/bin/../lib/gcc/arm-none-eabi/11.3.1/../../../../arm-none-eabi/lib/thumb/v7e-m+fp/hard\libc_nano.a(libc_a-wbuf.o)
                              D:/Programs/STM32CubeIDE_1.10.1/STM32CubeIDE/plugins/com.st.stm32cube.ide.mcu.externaltools.gnu-tools-for-stm32.11.3.rel1.win32_1.1.1.202309131626/tools/bin/../lib/gcc/arm-none-eabi/11.3.1/../../../../arm-none-eabi/lib/thumb/v7e-m+fp/hard\libc_nano.a(libc_a-puts.o) (__swbuf_r)
[...]
Memory Configuration

Name             Origin             Length             Attributes
RAM              0x0000000020000000 0x0000000000018000 xrw
RAM2             0x0000000010000000 0x0000000000008000 xrw
FLASH            0x0000000008000000 0x0000000000100000 xr
*default*        0x0000000000000000 0xffffffffffffffff

Linker script and memory map

LOAD D:/Programs/STM32CubeIDE_1.10.1/STM32CubeIDE/plugins/com.st.stm32cube.ide.mcu.externaltools.gnu-tools-for-stm32.11.3.rel1.win32_1.1.1.202309131626/tools/bin/../lib/gcc/arm-none-eabi/11.3.1/thumb/v7e-m+fp/hard/crti.o
LOAD D:/Programs/STM32CubeIDE_1.10.1/STM32CubeIDE/plugins/com.st.stm32cube.ide.mcu.externaltools.gnu-tools-for-stm32.11.3.rel1.win32_1.1.1.202309131626/tools/bin/../lib/gcc/arm-none-eabi/11.3.1/thumb/v7e-m+fp/hard/crtbegin.o
LOAD D:/Programs/STM32CubeIDE_1.10.1/STM32CubeIDE/plugins/com.st.stm32cube.ide.mcu.externaltools.gnu-tools-for-stm32.11.3.rel1.win32_1.1.1.202309131626/tools/bin/../lib/gcc/arm-none-eabi/11.3.1/../../../../arm-none-eabi/lib/thumb/v7e-m+fp/hard/crt0.o
LOAD ./Core/Src/dma.o
LOAD ./Core/Src/eeprom.o
LOAD ./Core/Src/fire_controller_configuration.o
LOAD ./Core/Src/gpio.o
LOAD ./Core/Src/i2c.o
LOAD ./Core/Src/lcd.o
LOAD ./Core/Src/lcd_seven_segment.o
LOAD ./Core/Src/main.o
LOAD ./Core/Src/menu.o
LOAD ./Core/Src/one_wire.o
LOAD ./Core/Src/rtc.o
LOAD ./Core/Src/sd_controll.o
LOAD ./Core/Src/sdmmc.o
LOAD ./Core/Src/spi.o
LOAD ./Core/Src/stm32l4xx_hal_msp.o
LOAD ./Core/Src/stm32l4xx_it.o
LOAD ./Core/Src/syscalls.o
LOAD ./Core/Src/sysmem.o
LOAD ./Core/Src/system_stm32l4xx.o
LOAD ./Core/Src/tim.o
LOAD ./Core/Src/usart.o
LOAD ./Core/Startup/startup_stm32l476rgtx.o
LOAD ./Drivers/STM32L4xx_HAL_Driver/Src/stm32l4xx_hal.o
LOAD ./Drivers/STM32L4xx_HAL_Driver/Src/stm32l4xx_hal_cortex.o
LOAD ./Drivers/STM32L4xx_HAL_Driver/Src/stm32l4xx_hal_dma.o
LOAD ./Drivers/STM32L4xx_HAL_Driver/Src/stm32l4xx_hal_dma_ex.o
LOAD ./Drivers/STM32L4xx_HAL_Driver/Src/stm32l4xx_hal_exti.o
LOAD ./Drivers/STM32L4xx_HAL_Driver/Src/stm32l4xx_hal_flash.o
LOAD ./Drivers/STM32L4xx_HAL_Driver/Src/stm32l4xx_hal_flash_ex.o
LOAD ./Drivers/STM32L4xx_HAL_Driver/Src/stm32l4xx_hal_flash_ramfunc.o
LOAD ./Drivers/STM32L4xx_HAL_Driver/Src/stm32l4xx_hal_gpio.o
LOAD ./Drivers/STM32L4xx_HAL_Driver/Src/stm32l4xx_hal_i2c.o
LOAD ./Drivers/STM32L4xx_HAL_Driver/Src/stm32l4xx_hal_i2c_ex.o
LOAD ./Drivers/STM32L4xx_HAL_Driver/Src/stm32l4xx_hal_pwr.o
LOAD ./Drivers/STM32L4xx_HAL_Driver/Src/stm32l4xx_hal_pwr_ex.o
LOAD ./Drivers/STM32L4xx_HAL_Driver/Src/stm32l4xx_hal_rcc.o
LOAD ./Drivers/STM32L4xx_HAL_Driver/Src/stm32l4xx_hal_rcc_ex.o
LOAD ./Drivers/STM32L4xx_HAL_Driver/Src/stm32l4xx_hal_rtc.o
LOAD ./Drivers/STM32L4xx_HAL_Driver/Src/stm32l4xx_hal_rtc_ex.o
LOAD ./Drivers/STM32L4xx_HAL_Driver/Src/stm32l4xx_hal_sd.o
LOAD ./Drivers/STM32L4xx_HAL_Driver/Src/stm32l4xx_hal_sd_ex.o
LOAD ./Drivers/STM32L4xx_HAL_Driver/Src/stm32l4xx_hal_spi.o
LOAD ./Drivers/STM32L4xx_HAL_Driver/Src/stm32l4xx_hal_spi_ex.o
LOAD ./Drivers/STM32L4xx_HAL_Driver/Src/stm32l4xx_hal_tim.o
LOAD ./Drivers/STM32L4xx_HAL_Driver/Src/stm32l4xx_hal_tim_ex.o
LOAD ./Drivers/STM32L4xx_HAL_Driver/Src/stm32l4xx_hal_uart.o
LOAD ./Drivers/STM32L4xx_HAL_Driver/Src/stm32l4xx_hal_uart_ex.o
LOAD ./Drivers/STM32L4xx_HAL_Driver/Src/stm32l4xx_ll_sdmmc.o
LOAD ./FATFS/App/fatfs.o
LOAD ./FATFS/Target/bsp_driver_sd.o
LOAD ./FATFS/Target/fatfs_platform.o
LOAD ./FATFS/Target/sd_diskio.o
LOAD ./Middlewares/Third_Party/FatFs/src/diskio.o
LOAD ./Middlewares/Third_Party/FatFs/src/ff.o
LOAD ./Middlewares/Third_Party/FatFs/src/ff_gen_drv.o
LOAD ./Middlewares/Third_Party/FatFs/src/option/syscall.o
START GROUP
LOAD D:/Programs/STM32CubeIDE_1.10.1/STM32CubeIDE/plugins/com.st.stm32cube.ide.mcu.externaltools.gnu-tools-for-stm32.11.3.rel1.win32_1.1.1.202309131626/tools/bin/../lib/gcc/arm-none-eabi/11.3.1/../../../../arm-none-eabi/lib/thumb/v7e-m+fp/hard\libc_nano.a
LOAD D:/Programs/STM32CubeIDE_1.10.1/STM32CubeIDE/plugins/com.st.stm32cube.ide.mcu.externaltools.gnu-tools-for-stm32.11.3.rel1.win32_1.1.1.202309131626/tools/bin/../lib/gcc/arm-none-eabi/11.3.1/../../../../arm-none-eabi/lib/thumb/v7e-m+fp/hard\libm.a
END GROUP
START GROUP
LOAD D:/Programs/STM32CubeIDE_1.10.1/STM32CubeIDE/plugins/com.st.stm32cube.ide.mcu.externaltools.gnu-tools-for-stm32.11.3.rel1.win32_1.1.1.202309131626/tools/bin/../lib/gcc/arm-none-eabi/11.3.1/thumb/v7e-m+fp/hard\libgcc.a
LOAD D:/Programs/STM32CubeIDE_1.10.1/STM32CubeIDE/plugins/com.st.stm32cube.ide.mcu.externaltools.gnu-tools-for-stm32.11.3.rel1.win32_1.1.1.202309131626/tools/bin/../lib/gcc/arm-none-eabi/11.3.1/../../../../arm-none-eabi/lib/thumb/v7e-m+fp/hard\libc_nano.a
END GROUP
START GROUP
LOAD D:/Programs/STM32CubeIDE_1.10.1/STM32CubeIDE/plugins/com.st.stm32cube.ide.mcu.externaltools.gnu-tools-for-stm32.11.3.rel1.win32_1.1.1.202309131626/tools/bin/../lib/gcc/arm-none-eabi/11.3.1/thumb/v7e-m+fp/hard\libgcc.a
LOAD D:/Programs/STM32CubeIDE_1.10.1/STM32CubeIDE/plugins/com.st.stm32cube.ide.mcu.externaltools.gnu-tools-for-stm32.11.3.rel1.win32_1.1.1.202309131626/tools/bin/../lib/gcc/arm-none-eabi/11.3.1/../../../../arm-none-eabi/lib/thumb/v7e-m+fp/hard\libc_nano.a
LOAD D:/Programs/STM32CubeIDE_1.10.1/STM32CubeIDE/plugins/com.st.stm32cube.ide.mcu.externaltools.gnu-tools-for-stm32.11.3.rel1.win32_1.1.1.202309131626/tools/bin/../lib/gcc/arm-none-eabi/11.3.1/../../../../arm-none-eabi/lib/thumb/v7e-m+fp/hard\libnosys.a
END GROUP
START GROUP
LOAD D:/Programs/STM32CubeIDE_1.10.1/STM32CubeIDE/plugins/com.st.stm32cube.ide.mcu.externaltools.gnu-tools-for-stm32.11.3.rel1.win32_1.1.1.202309131626/tools/bin/../lib/gcc/arm-none-eabi/11.3.1/thumb/v7e-m+fp/hard\libgcc.a
LOAD D:/Programs/STM32CubeIDE_1.10.1/STM32CubeIDE/plugins/com.st.stm32cube.ide.mcu.externaltools.gnu-tools-for-stm32.11.3.rel1.win32_1.1.1.202309131626/tools/bin/../lib/gcc/arm-none-eabi/11.3.1/../../../../arm-none-eabi/lib/thumb/v7e-m+fp/hard\libc_nano.a
LOAD D:/Programs/STM32CubeIDE_1.10.1/STM32CubeIDE/plugins/com.st.stm32cube.ide.mcu.externaltools.gnu-tools-for-stm32.11.3.rel1.win32_1.1.1.202309131626/tools/bin/../lib/gcc/arm-none-eabi/11.3.1/../../../../arm-none-eabi/lib/thumb/v7e-m+fp/hard\libnosys.a
END GROUP
LOAD D:/Programs/STM32CubeIDE_1.10.1/STM32CubeIDE/plugins/com.st.stm32cube.ide.mcu.externaltools.gnu-tools-for-stm32.11.3.rel1.win32_1.1.1.202309131626/tools/bin/../lib/gcc/arm-none-eabi/11.3.1/thumb/v7e-m+fp/hard/crtend.o
LOAD D:/Programs/STM32CubeIDE_1.10.1/STM32CubeIDE/plugins/com.st.stm32cube.ide.mcu.externaltools.gnu-tools-for-stm32.11.3.rel1.win32_1.1.1.202309131626/tools/bin/../lib/gcc/arm-none-eabi/11.3.1/thumb/v7e-m+fp/hard/crtn.o
                0x0000000020018000                _estack = (ORIGIN (RAM) + LENGTH (RAM))
                0x0000000000000400                _Min_Heap_Size = 0x400
                0x0000000000002000                _Min_Stack_Size = 0x2000

.isr_vector     0x0000000008000000      0x188
                0x0000000008000000                . = ALIGN (0x4)
 *(.isr_vector)
 .isr_vector    0x0000000008000000      0x188 ./Core/Startup/startup_stm32l476rgtx.o
                0x0000000008000000                g_pfnVectors
                0x0000000008000188                . = ALIGN (0x4)

.text           0x0000000008000190    0x10294
                0x0000000008000190                . = ALIGN (0x4)
 *(.text)
 .text          0x0000000008000190       0x40 D:/Programs/STM32CubeIDE_1.10.1/STM32CubeIDE/plugins/com.st.stm32cube.ide.mcu.externaltools.gnu-tools-for-stm32.11.3.rel1.win32_1.1.1.202309131626/tools/bin/../lib/gcc/arm-none-eabi/11.3.1/thumb/v7e-m+fp/hard/crtbegin.o
 .text          0x00000000080001d0       0xa0 D:/Programs/STM32CubeIDE_1.10.1/STM32CubeIDE/plugins/com.st.stm32cube.ide.mcu.externaltools.gnu-tools-for-stm32.11.3.rel1.win32_1.1.1.202309131626/tools/bin/../lib/gcc/arm-none-eabi/11.3.1/../../../../arm-none-eabi/lib/thumb/v7e-m+fp/hard\libc_nano.a(libc_a-memchr.o)
                0x00000000080001d0                memchr
 .text          0x0000000008000270       0x10 D:/Programs/STM32CubeIDE_1.10.1/STM32CubeIDE/plugins/com.st.stm32cube.ide.mcu.externaltools.gnu-tools-for-stm32.11.3.rel1.win32_1.1.1.202309131626/tools/bin/../lib/gcc/arm-none-eabi/11.3.1/../../../../arm-none-eabi/lib/thumb/v7e-m+fp/hard\libc_nano.a(libc_a-strlen.o)
                0x0000000008000270                strlen
 .text          0x0000000008000280      0x378 D:/Programs/STM32CubeIDE_1.10.1/STM32CubeIDE/plugins/com.st.stm32cube.ide.mcu.externaltools.gnu-tools-for-stm32.11.3.rel1.win32_1.1.1.202309131626/tools/bin/../lib/gcc/arm-none-eabi/11.3.1/thumb/v7e-m+fp/hard\libgcc.a(_arm_addsubdf3.o)
                0x0000000008000280                __aeabi_drsub
                0x0000000008000288                __aeabi_dsub
                0x0000000008000288                __subdf3
                0x000000000800028c                __aeabi_dadd
                0x000000000800028c                __adddf3
                0x0000000008000504                __floatunsidf
                0x0000000008000504                __aeabi_ui2d
                0x0000000008000524                __floatsidf
                0x0000000008000524                __aeabi_i2d
                0x0000000008000548                __aeabi_f2d
                0x0000000008000548                __extendsfdf2
                0x000000000800058c                __floatundidf
                0x000000000800058c                __aeabi_ul2d
                0x000000000800059c                __floatdidf
                0x000000000800059c                __aeabi_l2d
 .text          0x00000000080005f8      0x424 D:/Programs/STM32CubeIDE_1.10.1/STM32CubeIDE/plugins/com.st.stm32cube.ide.mcu.externaltools.gnu-tools-for-stm32.11.3.rel1.win32_1.1.1.202309131626/tools/bin/../lib/gcc/arm-none-eabi/11.3.1/thumb/v7e-m+fp/hard\libgcc.a(_arm_muldivdf3.o)
                0x00000000080005f8                __aeabi_dmul
                0x00000000080005f8                __muldf3
                0x000000000800084c                __divdf3
                0x000000000800084c                __aeabi_ddiv
 .text          0x0000000008000a1c      0x110 D:/Programs/STM32CubeIDE_1.10.1/STM32CubeIDE/plugins/com.st.stm32cube.ide.mcu.externaltools.gnu-tools-for-stm32.11.3.rel1.win32_1.1.1.202309131626/tools/bin/../lib/gcc/arm-none-eabi/11.3.1/thumb/v7e-m+fp/hard\libgcc.a(_arm_cmpdf2.o)
                0x0000000008000a1c                __gtdf2
                0x0000000008000a1c                __gedf2
                0x0000000008000a24                __ltdf2
                0x0000000008000a24                __ledf2
                0x0000000008000a2c                __nedf2
                0x0000000008000a2c                __eqdf2
                0x0000000008000a2c                __cmpdf2
                0x0000000008000aa8                __aeabi_cdrcmple
                0x0000000008000ab8                __aeabi_cdcmpeq
                0x0000000008000ab8                __aeabi_cdcmple
                0x0000000008000ac8                __aeabi_dcmpeq
                0x0000000008000adc                __aeabi_dcmplt
                0x0000000008000af0                __aeabi_dcmple
                0x0000000008000b04                __aeabi_dcmpge
                0x0000000008000b18                __aeabi_dcmpgt
 .text          0x0000000008000b2c       0x2c D:/Programs/STM32CubeIDE_1.10.1/STM32CubeIDE/plugins/com.st.stm32cube.ide.mcu.externaltools.gnu-tools-for-stm32.11.3.rel1.win32_1.1.1.202309131626/tools/bin/../lib/gcc/arm-none-eabi/11.3.1/thumb/v7e-m+fp/hard\libgcc.a(_arm_unorddf2.o)
                0x0000000008000b2c                __unorddf2
                0x0000000008000b2c                __aeabi_dcmpun
 .text          0x0000000008000b58       0x50 D:/Programs/STM32CubeIDE_1.10.1/STM32CubeIDE/plugins/com.st.stm32cube.ide.mcu.externaltools.gnu-tools-for-stm32.11.3.rel1.win32_1.1.1.202309131626/tools/bin/../lib/gcc/arm-none-eabi/11.3.1/thumb/v7e-m+fp/hard\libgcc.a(_arm_fixdfsi.o)
                0x0000000008000b58                __aeabi_d2iz
                0x0000000008000b58                __fixdfsi
 .text          0x0000000008000ba8       0xa0 D:/Programs/STM32CubeIDE_1.10.1/STM32CubeIDE/plugins/com.st.stm32cube.ide.mcu.externaltools.gnu-tools-for-stm32.11.3.rel1.win32_1.1.1.202309131626/tools/bin/../lib/gcc/arm-none-eabi/11.3.1/thumb/v7e-m+fp/hard\libgcc.a(_arm_truncdfsf2.o)
                0x0000000008000ba8                __truncdfsf2
                0x0000000008000ba8                __aeabi_d2f
 .text          0x0000000008000c48       0x30 D:/Programs/STM32CubeIDE_1.10.1/STM32CubeIDE/plugins/com.st.stm32cube.ide.mcu.externaltools.gnu-tools-for-stm32.11.3.rel1.win32_1.1.1.202309131626/tools/bin/../lib/gcc/arm-none-eabi/11.3.1/thumb/v7e-m+fp/hard\libgcc.a(_aeabi_uldivmod.o)
                0x0000000008000c48                __aeabi_uldivmod
 .text          0x0000000008000c78      0x2c8 D:/Programs/STM32CubeIDE_1.10.1/STM32CubeIDE/plugins/com.st.stm32cube.ide.mcu.externaltools.gnu-tools-for-stm32.11.3.rel1.win32_1.1.1.202309131626/tools/bin/../lib/gcc/arm-none-eabi/11.3.1/thumb/v7e-m+fp/hard\libgcc.a(_udivmoddi4.o)
                0x0000000008000c78                __udivmoddi4
 .text          0x0000000008000f40        0x4 D:/Programs/STM32CubeIDE_1.10.1/STM32CubeIDE/plugins/com.st.stm32cube.ide.mcu.externaltools.gnu-tools-for-stm32.11.3.rel1.win32_1.1.1.202309131626/tools/bin/../lib/gcc/arm-none-eabi/11.3.1/thumb/v7e-m+fp/hard\libgcc.a(_dvmd_tls.o)
                0x0000000008000f40                __aeabi_idiv0
                0x0000000008000f40                __aeabi_ldiv0
 *(.text*)
 .text.MX_DMA_Init
                0x0000000008000f44       0x3c ./Core/Src/dma.o
                0x0000000008000f44                MX_DMA_Init
 .text.eeprom_wait
                0x0000000008000f80       0x20 ./Core/Src/eeprom.o
 .text.eeprom_init
                0x0000000008000fa0       0x30 ./Core/Src/eeprom.o
                0x0000000008000fa0                eeprom_init
 .text.eeprom_read
                0x0000000008000fd0       0x54 ./Core/Src/eeprom.o
                0x0000000008000fd0                eeprom_read
 .text.deserialize_FCC
                0x0000000008001024       0x1c ./Core/Src/fire_controller_configuration.o
 .text.read_fc_configuration
                0x0000000008001040       0xa4 ./Core/Src/fire_controller_configuration.o
                0x0000000008001040                read_fc_configuration
 .text.MX_GPIO_Init
                0x00000000080010e4      0x124 ./Core/Src/gpio.o
                0x00000000080010e4                MX_GPIO_Init
 .text.MX_I2C1_Init
                0x0000000008001208       0x80 ./Core/Src/i2c.o
                0x0000000008001208                MX_I2C1_Init
 .text.HAL_I2C_MspInit
                0x0000000008001288       0xbc ./Core/Src/i2c.o
                0x0000000008001288                HAL_I2C_MspInit
 .text.lcd_cmd  0x0000000008001344       0x68 ./Core/Src/lcd.o
 .text.lcd_data
                0x00000000080013ac       0x68 ./Core/Src/lcd.o
 .text.lcd_data16
                0x0000000008001414       0x2a ./Core/Src/lcd.o
 .text.lcd_send
                0x000000000800143e       0x46 ./Core/Src/lcd.o
 .text.lcd_init
                0x0000000008001484       0xe4 ./Core/Src/lcd.o
                0x0000000008001484                lcd_init
 .text.lcd_set_window
                0x0000000008001568       0x66 ./Core/Src/lcd.o
 *fill*         0x00000000080015ce        0x2 
 .text.lcd_put_pixel
                0x00000000080015d0       0x48 ./Core/Src/lcd.o
                0x00000000080015d0                lcd_put_pixel
 .text.lcd_show
                0x0000000008001618       0x5c ./Core/Src/lcd.o
                0x0000000008001618                lcd_show
 .text.lcd_transfer_done
                0x0000000008001674       0x1c ./Core/Src/lcd.o
                0x0000000008001674                lcd_transfer_done
 .text.lcd_is_busy
                0x0000000008001690       0x24 ./Core/Src/lcd.o
                0x0000000008001690                lcd_is_busy
 .text.lcd_full_box
                0x00000000080016b4       0x58 ./Core/Src/lcd.o
                0x00000000080016b4                lcd_full_box
 .text.lcd_empty_box
                0x000000000800170c       0xac ./Core/Src/lcd.o
                0x000000000800170c                lcd_empty_box
 .text.lcd_draw_background
                0x00000000080017b8       0x80 ./Core/Src/lcd.o
                0x00000000080017b8                lcd_draw_background
 .text.lcd_draw_setting_1
                0x0000000008001838       0x42 ./Core/Src/lcd.o
                0x0000000008001838                lcd_draw_setting_1
 .text.lcd_draw_setting_2
                0x000000000800187a       0x42 ./Core/Src/lcd.o
                0x000000000800187a                lcd_draw_setting_2
 .text.do_counts
                0x00000000080018bc       0xb4 ./Core/Src/main.o
 .text.__io_putchar
                0x0000000008001970       0x30 ./Core/Src/main.o
                0x0000000008001970                __io_putchar
 .text.HAL_SPI_TxCpltCallback
                0x00000000080019a0       0x20 ./Core/Src/main.o
                0x00000000080019a0                HAL_SPI_TxCpltCallback
 .text.HAL_TIM_PeriodElapsedCallback
                0x00000000080019c0       0x34 ./Core/Src/main.o
                0x00000000080019c0                HAL_TIM_PeriodElapsedCallback
 .text.read_encoder_data
                0x00000000080019f4       0x5c ./Core/Src/main.o
 .text.activate_pump
                0x0000000008001a50       0x20 ./Core/Src/main.o
 .text.deactivate_pump
                0x0000000008001a70       0x20 ./Core/Src/main.o
 .text.is_pump_activated
                0x0000000008001a90       0x2c ./Core/Src/main.o
 .text.start_preheating
                0x0000000008001abc       0x10 ./Core/Src/main.o
 .text.wrong_sensor_read
                0x0000000008001acc       0x4c ./Core/Src/main.o
 .text.main     0x0000000008001b18      0x654 ./Core/Src/main.o
                0x0000000008001b18                main
 .text.SystemClock_Config
                0x000000000800216c       0xa8 ./Core/Src/main.o
                0x000000000800216c                SystemClock_Config
 .text.Error_Handler
                0x0000000008002214        0xa ./Core/Src/main.o
                0x0000000008002214                Error_Handler
 *fill*         0x000000000800221e        0x2 
 .text.get_menu_screen
                0x0000000008002220       0xac ./Core/Src/menu.o
 .text.menu_init
                0x00000000080022cc       0x44 ./Core/Src/menu.o
                0x00000000080022cc                menu_init
 .text.render_menu
                0x0000000008002310       0xa8 ./Core/Src/menu.o
                0x0000000008002310                render_menu
 .text.delay_us
                0x00000000080023b8       0x30 ./Core/Src/one_wire.o
 .text.set_baudrate
                0x00000000080023e8       0x2c ./Core/Src/one_wire.o
 .text.wire_init
                0x0000000008002414       0x54 ./Core/Src/one_wire.o
 .text.Write_DQ
                0x0000000008002468       0x44 ./Core/Src/one_wire.o
 .text.Read_DQ  0x00000000080024ac       0x40 ./Core/Src/one_wire.o
 .text.Write_byte
                0x00000000080024ec       0x38 ./Core/Src/one_wire.o
 .text.Read_byte
                0x0000000008002524       0x3e ./Core/Src/one_wire.o
 .text.byte_crc
                0x0000000008002562       0x58 ./Core/Src/one_wire.o
 .text.Wire_calculate_crc
                0x00000000080025ba       0x44 ./Core/Src/one_wire.o
 .text.DS18B20_convert_temperature
                0x00000000080025fe       0x54 ./Core/Src/one_wire.o
 .text.DS18B20_read_scrachpad
                0x0000000008002652       0xb0 ./Core/Src/one_wire.o
 *fill*         0x0000000008002702        0x2 
 .text.OW_init  0x0000000008002704       0x3c ./Core/Src/one_wire.o
                0x0000000008002704                OW_init
 .text.DS18B20_get_temperature
                0x0000000008002740       0xf8 ./Core/Src/one_wire.o
                0x0000000008002740                DS18B20_get_temperature
 .text.get_all_temperature
                0x0000000008002838       0x80 ./Core/Src/one_wire.o
                0x0000000008002838                get_all_temperature
 .text.MX_RTC_Init
                0x00000000080028b8       0xb8 ./Core/Src/rtc.o
                0x00000000080028b8                MX_RTC_Init
 .text.HAL_RTC_MspInit
                0x0000000008002970       0x64 ./Core/Src/rtc.o
                0x0000000008002970                HAL_RTC_MspInit
 .text.prepare_date
                0x00000000080029d4       0x6c ./Core/Src/sd_controll.o
 .text.prepare_prefix
                0x0000000008002a40       0x60 ./Core/Src/sd_controll.o
 .text.set_rtc_datatime
                0x0000000008002aa0       0x7c ./Core/Src/sd_controll.o
                0x0000000008002aa0                set_rtc_datatime
 .text.log_data
                0x0000000008002b1c      0x10c ./Core/Src/sd_controll.o
                0x0000000008002b1c                log_data
 .text.MX_SDMMC1_SD_Init
                0x0000000008002c28       0x40 ./Core/Src/sdmmc.o
                0x0000000008002c28                MX_SDMMC1_SD_Init
 .text.HAL_SD_MspInit
                0x0000000008002c68      0x128 ./Core/Src/sdmmc.o
                0x0000000008002c68                HAL_SD_MspInit
 .text.MX_SPI1_Init
                0x0000000008002d90       0x7c ./Core/Src/spi.o
                0x0000000008002d90                MX_SPI1_Init
 .text.HAL_SPI_MspInit
                0x0000000008002e0c      0x11c ./Core/Src/spi.o
                0x0000000008002e0c                HAL_SPI_MspInit
 .text.HAL_MspInit
                0x0000000008002f28       0x48 ./Core/Src/stm32l4xx_hal_msp.o
                0x0000000008002f28                HAL_MspInit
 .text.NMI_Handler
                0x0000000008002f70        0x6 ./Core/Src/stm32l4xx_it.o
                0x0000000008002f70                NMI_Handler
 .text.HardFault_Handler
                0x0000000008002f76        0x6 ./Core/Src/stm32l4xx_it.o
                0x0000000008002f76                HardFault_Handler
 .text.MemManage_Handler
                0x0000000008002f7c        0x6 ./Core/Src/stm32l4xx_it.o
                0x0000000008002f7c                MemManage_Handler
 .text.BusFault_Handler
                0x0000000008002f82        0x6 ./Core/Src/stm32l4xx_it.o
                0x0000000008002f82                BusFault_Handler
 .text.UsageFault_Handler
                0x0000000008002f88        0x6 ./Core/Src/stm32l4xx_it.o
                0x0000000008002f88                UsageFault_Handler
 .text.SVC_Handler
                0x0000000008002f8e        0xe ./Core/Src/stm32l4xx_it.o
                0x0000000008002f8e                SVC_Handler
 .text.DebugMon_Handler
                0x0000000008002f9c        0xe ./Core/Src/stm32l4xx_it.o
                0x0000000008002f9c                DebugMon_Handler
 .text.PendSV_Handler
                0x0000000008002faa        0xe ./Core/Src/stm32l4xx_it.o
                0x0000000008002faa                PendSV_Handler
 .text.SysTick_Handler
                0x0000000008002fb8        0xc ./Core/Src/stm32l4xx_it.o
                0x0000000008002fb8                SysTick_Handler
 .text.DMA1_Channel3_IRQHandler
                0x0000000008002fc4       0x14 ./Core/Src/stm32l4xx_it.o
                0x0000000008002fc4                DMA1_Channel3_IRQHandler
 .text.TIM7_IRQHandler
                0x0000000008002fd8       0x14 ./Core/Src/stm32l4xx_it.o
                0x0000000008002fd8                TIM7_IRQHandler
 .text._getpid  0x0000000008002fec       0x10 ./Core/Src/syscalls.o
                0x0000000008002fec                _getpid
 .text._kill    0x0000000008002ffc       0x20 ./Core/Src/syscalls.o
                0x0000000008002ffc                _kill
 .text._exit    0x000000000800301c       0x14 ./Core/Src/syscalls.o
                0x000000000800301c                _exit
 .text._read    0x0000000008003030       0x3a ./Core/Src/syscalls.o
                0x0000000008003030                _read
 .text._write   0x000000000800306a       0x38 ./Core/Src/syscalls.o
                0x000000000800306a                _write
 .text._close   0x00000000080030a2       0x18 ./Core/Src/syscalls.o
                0x00000000080030a2                _close
 .text._fstat   0x00000000080030ba       0x20 ./Core/Src/syscalls.o
                0x00000000080030ba                _fstat
 .text._isatty  0x00000000080030da       0x16 ./Core/Src/syscalls.o
                0x00000000080030da                _isatty
 .text._lseek   0x00000000080030f0       0x1a ./Core/Src/syscalls.o
                0x00000000080030f0                _lseek
 *fill*         0x000000000800310a        0x2 
 .text._sbrk    0x000000000800310c       0x6c ./Core/Src/sysmem.o
                0x000000000800310c                _sbrk
 .text.SystemInit
                0x0000000008003178       0x24 ./Core/Src/system_stm32l4xx.o
                0x0000000008003178                SystemInit
 .text.MX_TIM2_Init
                0x000000000800319c       0xa8 ./Core/Src/tim.o
                0x000000000800319c                MX_TIM2_Init
 .text.MX_TIM6_Init
                0x0000000008003244       0x6c ./Core/Src/tim.o
                0x0000000008003244                MX_TIM6_Init
 .text.MX_TIM7_Init
                0x00000000080032b0       0x70 ./Core/Src/tim.o
                0x00000000080032b0                MX_TIM7_Init
 .text.HAL_TIM_Encoder_MspInit
                0x0000000008003320       0x80 ./Core/Src/tim.o
                0x0000000008003320                HAL_TIM_Encoder_MspInit
 .text.HAL_TIM_Base_MspInit
                0x00000000080033a0       0x74 ./Core/Src/tim.o
                0x00000000080033a0                HAL_TIM_Base_MspInit
 .text.MX_USART2_UART_Init
                0x0000000008003414       0x60 ./Core/Src/usart.o
                0x0000000008003414                MX_USART2_UART_Init
 .text.MX_USART3_UART_Init
                0x0000000008003474       0x68 ./Core/Src/usart.o
                0x0000000008003474                MX_USART3_UART_Init
 .text.HAL_UART_MspInit
                0x00000000080034dc      0x144 ./Core/Src/usart.o
                0x00000000080034dc                HAL_UART_MspInit
 .text.Reset_Handler
                0x0000000008003620       0x50 ./Core/Startup/startup_stm32l476rgtx.o
                0x0000000008003620                Reset_Handler
 .text.Default_Handler
                0x0000000008003670        0x2 ./Core/Startup/startup_stm32l476rgtx.o
                0x0000000008003670                RTC_Alarm_IRQHandler
                0x0000000008003670                EXTI2_IRQHandler
                0x0000000008003670                TIM8_TRG_COM_IRQHandler
                0x0000000008003670                TIM8_CC_IRQHandler
                0x0000000008003670                TIM1_CC_IRQHandler
                0x0000000008003670                TSC_IRQHandler
                0x0000000008003670                TAMP_STAMP_IRQHandler
                0x0000000008003670                EXTI3_IRQHandler
                0x0000000008003670                LPTIM2_IRQHandler
                0x0000000008003670                DFSDM1_FLT1_IRQHandler
                0x0000000008003670                I2C3_ER_IRQHandler
                0x0000000008003670                DFSDM1_FLT2_IRQHandler
                0x0000000008003670                EXTI0_IRQHandler
                0x0000000008003670                I2C2_EV_IRQHandler
                0x0000000008003670                CAN1_RX0_IRQHandler
                0x0000000008003670                FPU_IRQHandler
                0x0000000008003670                TIM1_UP_TIM16_IRQHandler
                0x0000000008003670                ADC1_2_IRQHandler
                0x0000000008003670                SPI1_IRQHandler
                0x0000000008003670                TIM6_DAC_IRQHandler
                0x0000000008003670                TIM8_UP_IRQHandler
                0x0000000008003670                DMA2_Channel2_IRQHandler
                0x0000000008003670                DMA1_Channel4_IRQHandler
                0x0000000008003670                SAI2_IRQHandler
                0x0000000008003670                DFSDM1_FLT3_IRQHandler
                0x0000000008003670                USART3_IRQHandler
                0x0000000008003670                DMA1_Channel7_IRQHandler
                0x0000000008003670                CAN1_RX1_IRQHandler
                0x0000000008003670                LCD_IRQHandler
                0x0000000008003670                UART5_IRQHandler
                0x0000000008003670                ADC3_IRQHandler
                0x0000000008003670                TIM4_IRQHandler
                0x0000000008003670                DMA2_Channel1_IRQHandler
                0x0000000008003670                QUADSPI_IRQHandler
                0x0000000008003670                I2C1_EV_IRQHandler
                0x0000000008003670                DMA1_Channel6_IRQHandler
                0x0000000008003670                UART4_IRQHandler
                0x0000000008003670                DMA2_Channel4_IRQHandler
                0x0000000008003670                TIM3_IRQHandler
                0x0000000008003670                RCC_IRQHandler
                0x0000000008003670                DMA1_Channel1_IRQHandler
                0x0000000008003670                Default_Handler
                0x0000000008003670                DMA2_Channel7_IRQHandler
                0x0000000008003670                EXTI15_10_IRQHandler
                0x0000000008003670                SDMMC1_IRQHandler
                0x0000000008003670                TIM5_IRQHandler
                0x0000000008003670                I2C3_EV_IRQHandler
                0x0000000008003670                EXTI9_5_IRQHandler
                0x0000000008003670                RTC_WKUP_IRQHandler
                0x0000000008003670                PVD_PVM_IRQHandler
                0x0000000008003670                SPI2_IRQHandler
                0x0000000008003670                CAN1_TX_IRQHandler
                0x0000000008003670                DMA2_Channel5_IRQHandler
                0x0000000008003670                DMA1_Channel5_IRQHandler
                0x0000000008003670                EXTI4_IRQHandler
                0x0000000008003670                RNG_IRQHandler
                0x0000000008003670                TIM1_TRG_COM_TIM17_IRQHandler
                0x0000000008003670                COMP_IRQHandler
                0x0000000008003670                WWDG_IRQHandler
                0x0000000008003670                LPUART1_IRQHandler
                0x0000000008003670                DMA2_Channel6_IRQHandler
                0x0000000008003670                TIM2_IRQHandler
                0x0000000008003670                EXTI1_IRQHandler
                0x0000000008003670                USART2_IRQHandler
                0x0000000008003670                DFSDM1_FLT0_IRQHandler
                0x0000000008003670                I2C2_ER_IRQHandler
                0x0000000008003670                DMA1_Channel2_IRQHandler
                0x0000000008003670                TIM8_BRK_IRQHandler
                0x0000000008003670                CAN1_SCE_IRQHandler
                0x0000000008003670                FLASH_IRQHandler
                0x0000000008003670                USART1_IRQHandler
                0x0000000008003670                OTG_FS_IRQHandler
                0x0000000008003670                SPI3_IRQHandler
                0x0000000008003670                I2C1_ER_IRQHandler
                0x0000000008003670                FMC_IRQHandler
                0x0000000008003670                SWPMI1_IRQHandler
                0x0000000008003670                LPTIM1_IRQHandler
                0x0000000008003670                SAI1_IRQHandler
                0x0000000008003670                DMA2_Channel3_IRQHandler
                0x0000000008003670                TIM1_BRK_TIM15_IRQHandler
 .text.HAL_Init
                0x0000000008003672       0x30 ./Drivers/STM32L4xx_HAL_Driver/Src/stm32l4xx_hal.o
                0x0000000008003672                HAL_Init
 *fill*         0x00000000080036a2        0x2 
 .text.HAL_InitTick
                0x00000000080036a4       0x78 ./Drivers/STM32L4xx_HAL_Driver/Src/stm32l4xx_hal.o
                0x00000000080036a4                HAL_InitTick
 .text.HAL_IncTick
                0x000000000800371c       0x28 ./Drivers/STM32L4xx_HAL_Driver/Src/stm32l4xx_hal.o
                0x000000000800371c                HAL_IncTick
 .text.HAL_GetTick
                0x0000000008003744       0x18 ./Drivers/STM32L4xx_HAL_Driver/Src/stm32l4xx_hal.o
                0x0000000008003744                HAL_GetTick
 .text.HAL_Delay
                0x000000000800375c       0x48 ./Drivers/STM32L4xx_HAL_Driver/Src/stm32l4xx_hal.o
                0x000000000800375c                HAL_Delay
 .text.__NVIC_SetPriorityGrouping
                0x00000000080037a4       0x48 ./Drivers/STM32L4xx_HAL_Driver/Src/stm32l4xx_hal_cortex.o
 .text.__NVIC_GetPriorityGrouping
                0x00000000080037ec       0x1c ./Drivers/STM32L4xx_HAL_Driver/Src/stm32l4xx_hal_cortex.o
 .text.__NVIC_EnableIRQ
                0x0000000008003808       0x3c ./Drivers/STM32L4xx_HAL_Driver/Src/stm32l4xx_hal_cortex.o
 .text.__NVIC_SetPriority
                0x0000000008003844       0x54 ./Drivers/STM32L4xx_HAL_Driver/Src/stm32l4xx_hal_cortex.o
 .text.NVIC_EncodePriority
                0x0000000008003898       0x66 ./Drivers/STM32L4xx_HAL_Driver/Src/stm32l4xx_hal_cortex.o
 *fill*         0x00000000080038fe        0x2 
 .text.SysTick_Config
                0x0000000008003900       0x44 ./Drivers/STM32L4xx_HAL_Driver/Src/stm32l4xx_hal_cortex.o
 .text.HAL_NVIC_SetPriorityGrouping
                0x0000000008003944       0x16 ./Drivers/STM32L4xx_HAL_Driver/Src/stm32l4xx_hal_cortex.o
                0x0000000008003944                HAL_NVIC_SetPriorityGrouping
 .text.HAL_NVIC_SetPriority
                0x000000000800395a       0x38 ./Drivers/STM32L4xx_HAL_Driver/Src/stm32l4xx_hal_cortex.o
                0x000000000800395a                HAL_NVIC_SetPriority
 .text.HAL_NVIC_EnableIRQ
                0x0000000008003992       0x1c ./Drivers/STM32L4xx_HAL_Driver/Src/stm32l4xx_hal_cortex.o
                0x0000000008003992                HAL_NVIC_EnableIRQ
 .text.HAL_SYSTICK_Config
                0x00000000080039ae       0x18 ./Drivers/STM32L4xx_HAL_Driver/Src/stm32l4xx_hal_cortex.o
                0x00000000080039ae                HAL_SYSTICK_Config
 *fill*         0x00000000080039c6        0x2 
 .text.HAL_DMA_Init
                0x00000000080039c8      0x170 ./Drivers/STM32L4xx_HAL_Driver/Src/stm32l4xx_hal_dma.o
                0x00000000080039c8                HAL_DMA_Init
 .text.HAL_DMA_Start_IT
                0x0000000008003b38       0xc0 ./Drivers/STM32L4xx_HAL_Driver/Src/stm32l4xx_hal_dma.o
                0x0000000008003b38                HAL_DMA_Start_IT
 .text.HAL_DMA_IRQHandler
                0x0000000008003bf8      0x15e ./Drivers/STM32L4xx_HAL_Driver/Src/stm32l4xx_hal_dma.o
                0x0000000008003bf8                HAL_DMA_IRQHandler
 .text.DMA_SetConfig
                0x0000000008003d56       0x60 ./Drivers/STM32L4xx_HAL_Driver/Src/stm32l4xx_hal_dma.o
 *fill*         0x0000000008003db6        0x2 
 .text.HAL_GPIO_Init
                0x0000000008003db8      0x354 ./Drivers/STM32L4xx_HAL_Driver/Src/stm32l4xx_hal_gpio.o
                0x0000000008003db8                HAL_GPIO_Init
 .text.HAL_GPIO_ReadPin
                0x000000000800410c       0x30 ./Drivers/STM32L4xx_HAL_Driver/Src/stm32l4xx_hal_gpio.o
                0x000000000800410c                HAL_GPIO_ReadPin
 .text.HAL_GPIO_WritePin
                0x000000000800413c       0x30 ./Drivers/STM32L4xx_HAL_Driver/Src/stm32l4xx_hal_gpio.o
                0x000000000800413c                HAL_GPIO_WritePin
 .text.HAL_I2C_Init
                0x000000000800416c      0x136 ./Drivers/STM32L4xx_HAL_Driver/Src/stm32l4xx_hal_i2c.o
                0x000000000800416c                HAL_I2C_Init
 *fill*         0x00000000080042a2        0x2 
 .text.HAL_I2C_Mem_Read
                0x00000000080042a4      0x234 ./Drivers/STM32L4xx_HAL_Driver/Src/stm32l4xx_hal_i2c.o
                0x00000000080042a4                HAL_I2C_Mem_Read
 .text.I2C_RequestMemoryRead
                0x00000000080044d8       0xa8 ./Drivers/STM32L4xx_HAL_Driver/Src/stm32l4xx_hal_i2c.o
 .text.I2C_Flush_TXDR
                0x0000000008004580       0x48 ./Drivers/STM32L4xx_HAL_Driver/Src/stm32l4xx_hal_i2c.o
 .text.I2C_WaitOnFlagUntilTimeout
                0x00000000080045c8       0x9e ./Drivers/STM32L4xx_HAL_Driver/Src/stm32l4xx_hal_i2c.o
 .text.I2C_WaitOnTXISFlagUntilTimeout
                0x0000000008004666       0x8e ./Drivers/STM32L4xx_HAL_Driver/Src/stm32l4xx_hal_i2c.o
 .text.I2C_WaitOnSTOPFlagUntilTimeout
                0x00000000080046f4       0x86 ./Drivers/STM32L4xx_HAL_Driver/Src/stm32l4xx_hal_i2c.o
 *fill*         0x000000000800477a        0x2 
 .text.I2C_IsErrorOccurred
                0x000000000800477c      0x1c0 ./Drivers/STM32L4xx_HAL_Driver/Src/stm32l4xx_hal_i2c.o
 .text.I2C_TransferConfig
                0x000000000800493c       0x64 ./Drivers/STM32L4xx_HAL_Driver/Src/stm32l4xx_hal_i2c.o
 .text.HAL_I2CEx_ConfigAnalogFilter
                0x00000000080049a0       0x96 ./Drivers/STM32L4xx_HAL_Driver/Src/stm32l4xx_hal_i2c_ex.o
                0x00000000080049a0                HAL_I2CEx_ConfigAnalogFilter
 .text.HAL_I2CEx_ConfigDigitalFilter
                0x0000000008004a36       0x98 ./Drivers/STM32L4xx_HAL_Driver/Src/stm32l4xx_hal_i2c_ex.o
                0x0000000008004a36                HAL_I2CEx_ConfigDigitalFilter
 *fill*         0x0000000008004ace        0x2 
 .text.HAL_PWREx_GetVoltageRange
                0x0000000008004ad0       0x1c ./Drivers/STM32L4xx_HAL_Driver/Src/stm32l4xx_hal_pwr_ex.o
                0x0000000008004ad0                HAL_PWREx_GetVoltageRange
 .text.HAL_PWREx_ControlVoltageScaling
                0x0000000008004aec       0xac ./Drivers/STM32L4xx_HAL_Driver/Src/stm32l4xx_hal_pwr_ex.o
                0x0000000008004aec                HAL_PWREx_ControlVoltageScaling
 .text.HAL_RCC_OscConfig
                0x0000000008004b98      0x7b8 ./Drivers/STM32L4xx_HAL_Driver/Src/stm32l4xx_hal_rcc.o
                0x0000000008004b98                HAL_RCC_OscConfig
 .text.HAL_RCC_ClockConfig
                0x0000000008005350      0x200 ./Drivers/STM32L4xx_HAL_Driver/Src/stm32l4xx_hal_rcc.o
                0x0000000008005350                HAL_RCC_ClockConfig
 .text.HAL_RCC_GetSysClockFreq
                0x0000000008005550      0x118 ./Drivers/STM32L4xx_HAL_Driver/Src/stm32l4xx_hal_rcc.o
                0x0000000008005550                HAL_RCC_GetSysClockFreq
 .text.HAL_RCC_GetHCLKFreq
                0x0000000008005668       0x18 ./Drivers/STM32L4xx_HAL_Driver/Src/stm32l4xx_hal_rcc.o
                0x0000000008005668                HAL_RCC_GetHCLKFreq
 .text.HAL_RCC_GetPCLK1Freq
                0x0000000008005680       0x2c ./Drivers/STM32L4xx_HAL_Driver/Src/stm32l4xx_hal_rcc.o
                0x0000000008005680                HAL_RCC_GetPCLK1Freq
 .text.HAL_RCC_GetPCLK2Freq
                0x00000000080056ac       0x2c ./Drivers/STM32L4xx_HAL_Driver/Src/stm32l4xx_hal_rcc.o
                0x00000000080056ac                HAL_RCC_GetPCLK2Freq
 .text.RCC_SetFlashLatencyFromMSIRange
                0x00000000080056d8       0xc0 ./Drivers/STM32L4xx_HAL_Driver/Src/stm32l4xx_hal_rcc.o
 .text.HAL_RCCEx_PeriphCLKConfig
                0x0000000008005798      0x5d4 ./Drivers/STM32L4xx_HAL_Driver/Src/stm32l4xx_hal_rcc_ex.o
                0x0000000008005798                HAL_RCCEx_PeriphCLKConfig
 .text.HAL_RCCEx_GetPeriphCLKFreq
                0x0000000008005d6c      0xadc ./Drivers/STM32L4xx_HAL_Driver/Src/stm32l4xx_hal_rcc_ex.o
                0x0000000008005d6c                HAL_RCCEx_GetPeriphCLKFreq
 .text.RCCEx_PLLSAI1_Config
                0x0000000008006848      0x1e8 ./Drivers/STM32L4xx_HAL_Driver/Src/stm32l4xx_hal_rcc_ex.o
 .text.RCCEx_PLLSAI2_Config
                0x0000000008006a30      0x1bc ./Drivers/STM32L4xx_HAL_Driver/Src/stm32l4xx_hal_rcc_ex.o
 .text.RCCEx_GetSAIxPeriphCLKFreq
                0x0000000008006bec      0x1e0 ./Drivers/STM32L4xx_HAL_Driver/Src/stm32l4xx_hal_rcc_ex.o
 .text.HAL_RTC_Init
                0x0000000008006dcc      0x110 ./Drivers/STM32L4xx_HAL_Driver/Src/stm32l4xx_hal_rtc.o
                0x0000000008006dcc                HAL_RTC_Init
 .text.HAL_RTC_SetTime
                0x0000000008006edc      0x13a ./Drivers/STM32L4xx_HAL_Driver/Src/stm32l4xx_hal_rtc.o
                0x0000000008006edc                HAL_RTC_SetTime
 .text.HAL_RTC_GetTime
                0x0000000008007016       0xb8 ./Drivers/STM32L4xx_HAL_Driver/Src/stm32l4xx_hal_rtc.o
                0x0000000008007016                HAL_RTC_GetTime
 .text.HAL_RTC_SetDate
                0x00000000080070ce      0x10e ./Drivers/STM32L4xx_HAL_Driver/Src/stm32l4xx_hal_rtc.o
                0x00000000080070ce                HAL_RTC_SetDate
 .text.HAL_RTC_GetDate
                0x00000000080071dc       0x9a ./Drivers/STM32L4xx_HAL_Driver/Src/stm32l4xx_hal_rtc.o
                0x00000000080071dc                HAL_RTC_GetDate
 *fill*         0x0000000008007276        0x2 
 .text.HAL_RTC_WaitForSynchro
                0x0000000008007278       0x48 ./Drivers/STM32L4xx_HAL_Driver/Src/stm32l4xx_hal_rtc.o
                0x0000000008007278                HAL_RTC_WaitForSynchro
 .text.RTC_EnterInitMode
                0x00000000080072c0       0x66 ./Drivers/STM32L4xx_HAL_Driver/Src/stm32l4xx_hal_rtc.o
                0x00000000080072c0                RTC_EnterInitMode
 *fill*         0x0000000008007326        0x2 
 .text.RTC_ExitInitMode
                0x0000000008007328       0x7c ./Drivers/STM32L4xx_HAL_Driver/Src/stm32l4xx_hal_rtc.o
                0x0000000008007328                RTC_ExitInitMode
 .text.RTC_ByteToBcd2
                0x00000000080073a4       0x40 ./Drivers/STM32L4xx_HAL_Driver/Src/stm32l4xx_hal_rtc.o
                0x00000000080073a4                RTC_ByteToBcd2
 .text.RTC_Bcd2ToByte
                0x00000000080073e4       0x34 ./Drivers/STM32L4xx_HAL_Driver/Src/stm32l4xx_hal_rtc.o
                0x00000000080073e4                RTC_Bcd2ToByte
 .text.HAL_SD_Init
                0x0000000008007418       0x60 ./Drivers/STM32L4xx_HAL_Driver/Src/stm32l4xx_hal_sd.o
                0x0000000008007418                HAL_SD_Init
 .text.HAL_SD_InitCard
                0x0000000008007478      0x14c ./Drivers/STM32L4xx_HAL_Driver/Src/stm32l4xx_hal_sd.o
                0x0000000008007478                HAL_SD_InitCard
 .text.HAL_SD_ReadBlocks
                0x00000000080075c4      0x3bc ./Drivers/STM32L4xx_HAL_Driver/Src/stm32l4xx_hal_sd.o
                0x00000000080075c4                HAL_SD_ReadBlocks
 .text.HAL_SD_WriteBlocks
                0x0000000008007980      0x30c ./Drivers/STM32L4xx_HAL_Driver/Src/stm32l4xx_hal_sd.o
                0x0000000008007980                HAL_SD_WriteBlocks
 .text.HAL_SD_GetCardCSD
                0x0000000008007c8c      0x348 ./Drivers/STM32L4xx_HAL_Driver/Src/stm32l4xx_hal_sd.o
                0x0000000008007c8c                HAL_SD_GetCardCSD
 .text.HAL_SD_GetCardInfo
                0x0000000008007fd4       0x58 ./Drivers/STM32L4xx_HAL_Driver/Src/stm32l4xx_hal_sd.o
                0x0000000008007fd4                HAL_SD_GetCardInfo
 .text.HAL_SD_GetCardState
                0x000000000800802c       0x40 ./Drivers/STM32L4xx_HAL_Driver/Src/stm32l4xx_hal_sd.o
                0x000000000800802c                HAL_SD_GetCardState
 .text.SD_InitCard
                0x000000000800806c      0x19c ./Drivers/STM32L4xx_HAL_Driver/Src/stm32l4xx_hal_sd.o
 .text.SD_PowerON
                0x0000000008008208      0x11c ./Drivers/STM32L4xx_HAL_Driver/Src/stm32l4xx_hal_sd.o
 .text.SD_SendStatus
                0x0000000008008324       0x50 ./Drivers/STM32L4xx_HAL_Driver/Src/stm32l4xx_hal_sd.o
 .text.HAL_SPI_Init
                0x0000000008008374      0x146 ./Drivers/STM32L4xx_HAL_Driver/Src/stm32l4xx_hal_spi.o
                0x0000000008008374                HAL_SPI_Init
 .text.HAL_SPI_Transmit
                0x00000000080084ba      0x2ea ./Drivers/STM32L4xx_HAL_Driver/Src/stm32l4xx_hal_spi.o
                0x00000000080084ba                HAL_SPI_Transmit
 .text.HAL_SPI_Transmit_DMA
                0x00000000080087a4      0x1e0 ./Drivers/STM32L4xx_HAL_Driver/Src/stm32l4xx_hal_spi.o
                0x00000000080087a4                HAL_SPI_Transmit_DMA
 .text.HAL_SPI_TxHalfCpltCallback
                0x0000000008008984       0x14 ./Drivers/STM32L4xx_HAL_Driver/Src/stm32l4xx_hal_spi.o
                0x0000000008008984                HAL_SPI_TxHalfCpltCallback
 .text.HAL_SPI_ErrorCallback
                0x0000000008008998       0x14 ./Drivers/STM32L4xx_HAL_Driver/Src/stm32l4xx_hal_spi.o
                0x0000000008008998                HAL_SPI_ErrorCallback
 .text.HAL_SPI_GetState
                0x00000000080089ac       0x1c ./Drivers/STM32L4xx_HAL_Driver/Src/stm32l4xx_hal_spi.o
                0x00000000080089ac                HAL_SPI_GetState
 .text.SPI_DMATransmitCplt
                0x00000000080089c8       0xa6 ./Drivers/STM32L4xx_HAL_Driver/Src/stm32l4xx_hal_spi.o
 .text.SPI_DMAHalfTransmitCplt
                0x0000000008008a6e       0x1c ./Drivers/STM32L4xx_HAL_Driver/Src/stm32l4xx_hal_spi.o
 .text.SPI_DMAError
                0x0000000008008a8a       0x40 ./Drivers/STM32L4xx_HAL_Driver/Src/stm32l4xx_hal_spi.o
 *fill*         0x0000000008008aca        0x2 
 .text.SPI_WaitFlagStateUntilTimeout
                0x0000000008008acc      0x110 ./Drivers/STM32L4xx_HAL_Driver/Src/stm32l4xx_hal_spi.o
 .text.SPI_WaitFifoStateUntilTimeout
                0x0000000008008bdc      0x12c ./Drivers/STM32L4xx_HAL_Driver/Src/stm32l4xx_hal_spi.o
 .text.SPI_EndRxTxTransaction
                0x0000000008008d08       0x8c ./Drivers/STM32L4xx_HAL_Driver/Src/stm32l4xx_hal_spi.o
 .text.HAL_TIM_Base_Init
                0x0000000008008d94       0xae ./Drivers/STM32L4xx_HAL_Driver/Src/stm32l4xx_hal_tim.o
                0x0000000008008d94                HAL_TIM_Base_Init
 *fill*         0x0000000008008e42        0x2 
 .text.HAL_TIM_Base_Start
                0x0000000008008e44       0xd0 ./Drivers/STM32L4xx_HAL_Driver/Src/stm32l4xx_hal_tim.o
                0x0000000008008e44                HAL_TIM_Base_Start
 .text.HAL_TIM_Base_Start_IT
                0x0000000008008f14       0xe0 ./Drivers/STM32L4xx_HAL_Driver/Src/stm32l4xx_hal_tim.o
                0x0000000008008f14                HAL_TIM_Base_Start_IT
 .text.HAL_TIM_Encoder_Init
                0x0000000008008ff4      0x14c ./Drivers/STM32L4xx_HAL_Driver/Src/stm32l4xx_hal_tim.o
                0x0000000008008ff4                HAL_TIM_Encoder_Init
 .text.HAL_TIM_Encoder_Start
                0x0000000008009140      0x11c ./Drivers/STM32L4xx_HAL_Driver/Src/stm32l4xx_hal_tim.o
                0x0000000008009140                HAL_TIM_Encoder_Start
 .text.HAL_TIM_IRQHandler
                0x000000000800925c      0x204 ./Drivers/STM32L4xx_HAL_Driver/Src/stm32l4xx_hal_tim.o
                0x000000000800925c                HAL_TIM_IRQHandler
 .text.HAL_TIM_OC_DelayElapsedCallback
                0x0000000008009460       0x14 ./Drivers/STM32L4xx_HAL_Driver/Src/stm32l4xx_hal_tim.o
                0x0000000008009460                HAL_TIM_OC_DelayElapsedCallback
 .text.HAL_TIM_IC_CaptureCallback
                0x0000000008009474       0x14 ./Drivers/STM32L4xx_HAL_Driver/Src/stm32l4xx_hal_tim.o
                0x0000000008009474                HAL_TIM_IC_CaptureCallback
 .text.HAL_TIM_PWM_PulseFinishedCallback
                0x0000000008009488       0x14 ./Drivers/STM32L4xx_HAL_Driver/Src/stm32l4xx_hal_tim.o
                0x0000000008009488                HAL_TIM_PWM_PulseFinishedCallback
 .text.HAL_TIM_TriggerCallback
                0x000000000800949c       0x14 ./Drivers/STM32L4xx_HAL_Driver/Src/stm32l4xx_hal_tim.o
                0x000000000800949c                HAL_TIM_TriggerCallback
 .text.TIM_Base_SetConfig
                0x00000000080094b0      0x134 ./Drivers/STM32L4xx_HAL_Driver/Src/stm32l4xx_hal_tim.o
                0x00000000080094b0                TIM_Base_SetConfig
 .text.TIM_CCxChannelCmd
                0x00000000080095e4       0x4a ./Drivers/STM32L4xx_HAL_Driver/Src/stm32l4xx_hal_tim.o
                0x00000000080095e4                TIM_CCxChannelCmd
 *fill*         0x000000000800962e        0x2 
 .text.HAL_TIMEx_MasterConfigSynchronization
                0x0000000008009630      0x110 ./Drivers/STM32L4xx_HAL_Driver/Src/stm32l4xx_hal_tim_ex.o
                0x0000000008009630                HAL_TIMEx_MasterConfigSynchronization
 .text.HAL_TIMEx_CommutCallback
                0x0000000008009740       0x14 ./Drivers/STM32L4xx_HAL_Driver/Src/stm32l4xx_hal_tim_ex.o
                0x0000000008009740                HAL_TIMEx_CommutCallback
 .text.HAL_TIMEx_BreakCallback
                0x0000000008009754       0x14 ./Drivers/STM32L4xx_HAL_Driver/Src/stm32l4xx_hal_tim_ex.o
                0x0000000008009754                HAL_TIMEx_BreakCallback
 .text.HAL_TIMEx_Break2Callback
                0x0000000008009768       0x14 ./Drivers/STM32L4xx_HAL_Driver/Src/stm32l4xx_hal_tim_ex.o
                0x0000000008009768                HAL_TIMEx_Break2Callback
 .text.HAL_UART_Init
                0x000000000800977c       0x9c ./Drivers/STM32L4xx_HAL_Driver/Src/stm32l4xx_hal_uart.o
                0x000000000800977c                HAL_UART_Init
 .text.HAL_HalfDuplex_Init
                0x0000000008009818       0xac ./Drivers/STM32L4xx_HAL_Driver/Src/stm32l4xx_hal_uart.o
                0x0000000008009818                HAL_HalfDuplex_Init
 .text.HAL_UART_Transmit
                0x00000000080098c4      0x114 ./Drivers/STM32L4xx_HAL_Driver/Src/stm32l4xx_hal_uart.o
                0x00000000080098c4                HAL_UART_Transmit
 .text.HAL_UART_Receive
                0x00000000080099d8      0x192 ./Drivers/STM32L4xx_HAL_Driver/Src/stm32l4xx_hal_uart.o
                0x00000000080099d8                HAL_UART_Receive
 *fill*         0x0000000008009b6a        0x2 
 .text.UART_SetConfig
                0x0000000008009b6c      0x570 ./Drivers/STM32L4xx_HAL_Driver/Src/stm32l4xx_hal_uart.o
                0x0000000008009b6c                UART_SetConfig
 .text.UART_AdvFeatureConfig
                0x000000000800a0dc      0x144 ./Drivers/STM32L4xx_HAL_Driver/Src/stm32l4xx_hal_uart.o
                0x000000000800a0dc                UART_AdvFeatureConfig
 .text.UART_CheckIdleState
                0x000000000800a220      0x150 ./Drivers/STM32L4xx_HAL_Driver/Src/stm32l4xx_hal_uart.o
                0x000000000800a220                UART_CheckIdleState
 .text.UART_WaitOnFlagUntilTimeout
                0x000000000800a370       0xce ./Drivers/STM32L4xx_HAL_Driver/Src/stm32l4xx_hal_uart.o
                0x000000000800a370                UART_WaitOnFlagUntilTimeout
 .text.UART_EndRxTransfer
                0x000000000800a43e       0xc8 ./Drivers/STM32L4xx_HAL_Driver/Src/stm32l4xx_hal_uart.o
 .text.SDMMC_Init
                0x000000000800a506       0x5a ./Drivers/STM32L4xx_HAL_Driver/Src/stm32l4xx_ll_sdmmc.o
                0x000000000800a506                SDMMC_Init
 .text.SDMMC_ReadFIFO
                0x000000000800a560       0x1a ./Drivers/STM32L4xx_HAL_Driver/Src/stm32l4xx_ll_sdmmc.o
                0x000000000800a560                SDMMC_ReadFIFO
 .text.SDMMC_WriteFIFO
                0x000000000800a57a       0x22 ./Drivers/STM32L4xx_HAL_Driver/Src/stm32l4xx_ll_sdmmc.o
                0x000000000800a57a                SDMMC_WriteFIFO
 .text.SDMMC_PowerState_ON
                0x000000000800a59c       0x1e ./Drivers/STM32L4xx_HAL_Driver/Src/stm32l4xx_ll_sdmmc.o
                0x000000000800a59c                SDMMC_PowerState_ON
 .text.SDMMC_GetPowerState
                0x000000000800a5ba       0x1c ./Drivers/STM32L4xx_HAL_Driver/Src/stm32l4xx_ll_sdmmc.o
                0x000000000800a5ba                SDMMC_GetPowerState
 .text.SDMMC_SendCommand
                0x000000000800a5d6       0x54 ./Drivers/STM32L4xx_HAL_Driver/Src/stm32l4xx_ll_sdmmc.o
                0x000000000800a5d6                SDMMC_SendCommand
 .text.SDMMC_GetCommandResponse
                0x000000000800a62a       0x1a ./Drivers/STM32L4xx_HAL_Driver/Src/stm32l4xx_ll_sdmmc.o
                0x000000000800a62a                SDMMC_GetCommandResponse
 .text.SDMMC_GetResponse
                0x000000000800a644       0x26 ./Drivers/STM32L4xx_HAL_Driver/Src/stm32l4xx_ll_sdmmc.o
                0x000000000800a644                SDMMC_GetResponse
 .text.SDMMC_ConfigData
                0x000000000800a66a       0x58 ./Drivers/STM32L4xx_HAL_Driver/Src/stm32l4xx_ll_sdmmc.o
                0x000000000800a66a                SDMMC_ConfigData
 .text.SDMMC_CmdBlockLength
                0x000000000800a6c2       0x44 ./Drivers/STM32L4xx_HAL_Driver/Src/stm32l4xx_ll_sdmmc.o
                0x000000000800a6c2                SDMMC_CmdBlockLength
 .text.SDMMC_CmdReadSingleBlock
                0x000000000800a706       0x44 ./Drivers/STM32L4xx_HAL_Driver/Src/stm32l4xx_ll_sdmmc.o
                0x000000000800a706                SDMMC_CmdReadSingleBlock
 .text.SDMMC_CmdReadMultiBlock
                0x000000000800a74a       0x44 ./Drivers/STM32L4xx_HAL_Driver/Src/stm32l4xx_ll_sdmmc.o
                0x000000000800a74a                SDMMC_CmdReadMultiBlock
 .text.SDMMC_CmdWriteSingleBlock
                0x000000000800a78e       0x44 ./Drivers/STM32L4xx_HAL_Driver/Src/stm32l4xx_ll_sdmmc.o
                0x000000000800a78e                SDMMC_CmdWriteSingleBlock
 .text.SDMMC_CmdWriteMultiBlock
                0x000000000800a7d2       0x44 ./Drivers/STM32L4xx_HAL_Driver/Src/stm32l4xx_ll_sdmmc.o
                0x000000000800a7d2                SDMMC_CmdWriteMultiBlock
 *fill*         0x000000000800a816        0x2 
 .text.SDMMC_CmdStopTransfer
                0x000000000800a818       0x44 ./Drivers/STM32L4xx_HAL_Driver/Src/stm32l4xx_ll_sdmmc.o
                0x000000000800a818                SDMMC_CmdStopTransfer
 .text.SDMMC_CmdSelDesel
                0x000000000800a85c       0x46 ./Drivers/STM32L4xx_HAL_Driver/Src/stm32l4xx_ll_sdmmc.o
                0x000000000800a85c                SDMMC_CmdSelDesel
 .text.SDMMC_CmdGoIdleState
                0x000000000800a8a2       0x3c ./Drivers/STM32L4xx_HAL_Driver/Src/stm32l4xx_ll_sdmmc.o
                0x000000000800a8a2                SDMMC_CmdGoIdleState
 .text.SDMMC_CmdOperCond
                0x000000000800a8de       0x3e ./Drivers/STM32L4xx_HAL_Driver/Src/stm32l4xx_ll_sdmmc.o
                0x000000000800a8de                SDMMC_CmdOperCond
 .text.SDMMC_CmdAppCommand
                0x000000000800a91c       0x44 ./Drivers/STM32L4xx_HAL_Driver/Src/stm32l4xx_ll_sdmmc.o
                0x000000000800a91c                SDMMC_CmdAppCommand
 .text.SDMMC_CmdAppOperCommand
                0x000000000800a960       0x46 ./Drivers/STM32L4xx_HAL_Driver/Src/stm32l4xx_ll_sdmmc.o
                0x000000000800a960                SDMMC_CmdAppOperCommand
 .text.SDMMC_CmdSendCID
                0x000000000800a9a6       0x3c ./Drivers/STM32L4xx_HAL_Driver/Src/stm32l4xx_ll_sdmmc.o
                0x000000000800a9a6                SDMMC_CmdSendCID
 .text.SDMMC_CmdSendCSD
                0x000000000800a9e2       0x3e ./Drivers/STM32L4xx_HAL_Driver/Src/stm32l4xx_ll_sdmmc.o
                0x000000000800a9e2                SDMMC_CmdSendCSD
 .text.SDMMC_CmdSetRelAdd
                0x000000000800aa20       0x42 ./Drivers/STM32L4xx_HAL_Driver/Src/stm32l4xx_ll_sdmmc.o
                0x000000000800aa20                SDMMC_CmdSetRelAdd
 .text.SDMMC_CmdSendStatus
                0x000000000800aa62       0x44 ./Drivers/STM32L4xx_HAL_Driver/Src/stm32l4xx_ll_sdmmc.o
                0x000000000800aa62                SDMMC_CmdSendStatus
 *fill*         0x000000000800aaa6        0x2 
 .text.SDMMC_GetCmdResp1
                0x000000000800aaa8      0x1dc ./Drivers/STM32L4xx_HAL_Driver/Src/stm32l4xx_ll_sdmmc.o
                0x000000000800aaa8                SDMMC_GetCmdResp1
 .text.SDMMC_GetCmdResp2
                0x000000000800ac84       0x90 ./Drivers/STM32L4xx_HAL_Driver/Src/stm32l4xx_ll_sdmmc.o
                0x000000000800ac84                SDMMC_GetCmdResp2
 .text.SDMMC_GetCmdResp3
                0x000000000800ad14       0x7c ./Drivers/STM32L4xx_HAL_Driver/Src/stm32l4xx_ll_sdmmc.o
                0x000000000800ad14                SDMMC_GetCmdResp3
 .text.SDMMC_GetCmdResp6
                0x000000000800ad90       0xec ./Drivers/STM32L4xx_HAL_Driver/Src/stm32l4xx_ll_sdmmc.o
                0x000000000800ad90                SDMMC_GetCmdResp6
 .text.SDMMC_GetCmdResp7
                0x000000000800ae7c       0x9c ./Drivers/STM32L4xx_HAL_Driver/Src/stm32l4xx_ll_sdmmc.o
                0x000000000800ae7c                SDMMC_GetCmdResp7
 .text.SDMMC_GetCmdError
                0x000000000800af18       0x58 ./Drivers/STM32L4xx_HAL_Driver/Src/stm32l4xx_ll_sdmmc.o
 .text.MX_FATFS_Init
                0x000000000800af70       0x24 ./FATFS/App/fatfs.o
                0x000000000800af70                MX_FATFS_Init
 .text.get_fattime
                0x000000000800af94       0x10 ./FATFS/App/fatfs.o
                0x000000000800af94                get_fattime
 .text.BSP_SD_Init
                0x000000000800afa4       0x30 ./FATFS/Target/bsp_driver_sd.o
                0x000000000800afa4                BSP_SD_Init
 .text.BSP_SD_ReadBlocks
                0x000000000800afd4       0x3c ./FATFS/Target/bsp_driver_sd.o
                0x000000000800afd4                BSP_SD_ReadBlocks
 .text.BSP_SD_WriteBlocks
                0x000000000800b010       0x3c ./FATFS/Target/bsp_driver_sd.o
                0x000000000800b010                BSP_SD_WriteBlocks
 .text.BSP_SD_GetCardState
                0x000000000800b04c       0x20 ./FATFS/Target/bsp_driver_sd.o
                0x000000000800b04c                BSP_SD_GetCardState
 .text.BSP_SD_GetCardInfo
                0x000000000800b06c       0x1c ./FATFS/Target/bsp_driver_sd.o
                0x000000000800b06c                BSP_SD_GetCardInfo
 .text.BSP_SD_IsDetected
                0x000000000800b088       0x24 ./FATFS/Target/bsp_driver_sd.o
                0x000000000800b088                BSP_SD_IsDetected
 .text.BSP_PlatformIsDetected
                0x000000000800b0ac       0x2c ./FATFS/Target/fatfs_platform.o
                0x000000000800b0ac                BSP_PlatformIsDetected
 .text.SD_CheckStatus
                0x000000000800b0d8       0x3c ./FATFS/Target/sd_diskio.o
 .text.SD_initialize
                0x000000000800b114       0x3c ./FATFS/Target/sd_diskio.o
                0x000000000800b114                SD_initialize
 .text.SD_status
                0x000000000800b150       0x1c ./FATFS/Target/sd_diskio.o
                0x000000000800b150                SD_status
 .text.SD_read  0x000000000800b16c       0x42 ./FATFS/Target/sd_diskio.o
                0x000000000800b16c                SD_read
 .text.SD_write
                0x000000000800b1ae       0x42 ./FATFS/Target/sd_diskio.o
                0x000000000800b1ae                SD_write
 .text.SD_ioctl
                0x000000000800b1f0       0xb0 ./FATFS/Target/sd_diskio.o
                0x000000000800b1f0                SD_ioctl
 .text.disk_status
                0x000000000800b2a0       0x34 ./Middlewares/Third_Party/FatFs/src/diskio.o
                0x000000000800b2a0                disk_status
 .text.disk_initialize
                0x000000000800b2d4       0x4c ./Middlewares/Third_Party/FatFs/src/diskio.o
                0x000000000800b2d4                disk_initialize
 .text.disk_read
                0x000000000800b320       0x40 ./Middlewares/Third_Party/FatFs/src/diskio.o
                0x000000000800b320                disk_read
 .text.disk_write
                0x000000000800b360       0x40 ./Middlewares/Third_Party/FatFs/src/diskio.o
                0x000000000800b360                disk_write
 .text.disk_ioctl
                0x000000000800b3a0       0x3c ./Middlewares/Third_Party/FatFs/src/diskio.o
                0x000000000800b3a0                disk_ioctl
 .text.ld_word  0x000000000800b3dc       0x30 ./Middlewares/Third_Party/FatFs/src/ff.o
 .text.ld_dword
                0x000000000800b40c       0x46 ./Middlewares/Third_Party/FatFs/src/ff.o
 .text.st_word  0x000000000800b452       0x36 ./Middlewares/Third_Party/FatFs/src/ff.o
 .text.st_dword
                0x000000000800b488       0x58 ./Middlewares/Third_Party/FatFs/src/ff.o
 .text.mem_cpy  0x000000000800b4e0       0x42 ./Middlewares/Third_Party/FatFs/src/ff.o
 .text.mem_set  0x000000000800b522       0x36 ./Middlewares/Third_Party/FatFs/src/ff.o
 .text.mem_cmp  0x000000000800b558       0x4e ./Middlewares/Third_Party/FatFs/src/ff.o
 .text.chk_chr  0x000000000800b5a6       0x36 ./Middlewares/Third_Party/FatFs/src/ff.o
 .text.chk_lock
                0x000000000800b5dc       0xb8 ./Middlewares/Third_Party/FatFs/src/ff.o
 .text.enq_lock
                0x000000000800b694       0x44 ./Middlewares/Third_Party/FatFs/src/ff.o
 .text.inc_lock
                0x000000000800b6d8      0x11c ./Middlewares/Third_Party/FatFs/src/ff.o
 .text.dec_lock
                0x000000000800b7f4       0x78 ./Middlewares/Third_Party/FatFs/src/ff.o
 .text.clear_lock
                0x000000000800b86c       0x48 ./Middlewares/Third_Party/FatFs/src/ff.o
 .text.sync_window
                0x000000000800b8b4       0x88 ./Middlewares/Third_Party/FatFs/src/ff.o
 .text.move_window
                0x000000000800b93c       0x5a ./Middlewares/Third_Party/FatFs/src/ff.o
 *fill*         0x000000000800b996        0x2 
 .text.sync_fs  0x000000000800b998       0xdc ./Middlewares/Third_Party/FatFs/src/ff.o
 .text.clust2sect
                0x000000000800ba74       0x3e ./Middlewares/Third_Party/FatFs/src/ff.o
 .text.get_fat  0x000000000800bab2      0x150 ./Middlewares/Third_Party/FatFs/src/ff.o
 .text.put_fat  0x000000000800bc02      0x1d4 ./Middlewares/Third_Party/FatFs/src/ff.o
 .text.remove_chain
                0x000000000800bdd6       0xca ./Middlewares/Third_Party/FatFs/src/ff.o
 .text.create_chain
                0x000000000800bea0      0x130 ./Middlewares/Third_Party/FatFs/src/ff.o
 .text.clmt_clust
                0x000000000800bfd0       0x68 ./Middlewares/Third_Party/FatFs/src/ff.o
 .text.dir_sdi  0x000000000800c038       0xf6 ./Middlewares/Third_Party/FatFs/src/ff.o
 .text.dir_next
                0x000000000800c12e      0x18a ./Middlewares/Third_Party/FatFs/src/ff.o
 .text.dir_alloc
                0x000000000800c2b8       0x8e ./Middlewares/Third_Party/FatFs/src/ff.o
 .text.ld_clust
                0x000000000800c346       0x3e ./Middlewares/Third_Party/FatFs/src/ff.o
 .text.st_clust
                0x000000000800c384       0x40 ./Middlewares/Third_Party/FatFs/src/ff.o
 .text.dir_find
                0x000000000800c3c4       0xaa ./Middlewares/Third_Party/FatFs/src/ff.o
 .text.dir_register
                0x000000000800c46e       0x64 ./Middlewares/Third_Party/FatFs/src/ff.o
 *fill*         0x000000000800c4d2        0x2 
 .text.create_name
                0x000000000800c4d4      0x128 ./Middlewares/Third_Party/FatFs/src/ff.o
 .text.follow_path
                0x000000000800c5fc       0xe2 ./Middlewares/Third_Party/FatFs/src/ff.o
 .text.get_ldnumber
                0x000000000800c6de       0x88 ./Middlewares/Third_Party/FatFs/src/ff.o
 *fill*         0x000000000800c766        0x2 
 .text.check_fs
                0x000000000800c768       0xac ./Middlewares/Third_Party/FatFs/src/ff.o
 .text.find_volume
                0x000000000800c814      0x498 ./Middlewares/Third_Party/FatFs/src/ff.o
 .text.validate
                0x000000000800ccac       0x6a ./Middlewares/Third_Party/FatFs/src/ff.o
 *fill*         0x000000000800cd16        0x2 
 .text.f_mount  0x000000000800cd18       0x8c ./Middlewares/Third_Party/FatFs/src/ff.o
                0x000000000800cd18                f_mount
 .text.f_open   0x000000000800cda4      0x37c ./Middlewares/Third_Party/FatFs/src/ff.o
                0x000000000800cda4                f_open
 .text.f_write  0x000000000800d120      0x2ea ./Middlewares/Third_Party/FatFs/src/ff.o
                0x000000000800d120                f_write
 .text.f_sync   0x000000000800d40a       0xfc ./Middlewares/Third_Party/FatFs/src/ff.o
                0x000000000800d40a                f_sync
 .text.f_close  0x000000000800d506       0x54 ./Middlewares/Third_Party/FatFs/src/ff.o
                0x000000000800d506                f_close
 *fill*         0x000000000800d55a        0x2 
 .text.FATFS_LinkDriverEx
                0x000000000800d55c       0x98 ./Middlewares/Third_Party/FatFs/src/ff_gen_drv.o
                0x000000000800d55c                FATFS_LinkDriverEx
 .text.FATFS_LinkDriver
                0x000000000800d5f4       0x1e ./Middlewares/Third_Party/FatFs/src/ff_gen_drv.o
                0x000000000800d5f4                FATFS_LinkDriver
 .text.__cvt    0x000000000800d612       0xc4 D:/Programs/STM32CubeIDE_1.10.1/STM32CubeIDE/plugins/com.st.stm32cube.ide.mcu.externaltools.gnu-tools-for-stm32.11.3.rel1.win32_1.1.1.202309131626/tools/bin/../lib/gcc/arm-none-eabi/11.3.1/../../../../arm-none-eabi/lib/thumb/v7e-m+fp/hard\libc_nano.a(libc_a-nano-vfprintf_float.o)
                0x000000000800d612                __cvt
 .text.__exponent
                0x000000000800d6d6       0x7c D:/Programs/STM32CubeIDE_1.10.1/STM32CubeIDE/plugins/com.st.stm32cube.ide.mcu.externaltools.gnu-tools-for-stm32.11.3.rel1.win32_1.1.1.202309131626/tools/bin/../lib/gcc/arm-none-eabi/11.3.1/../../../../arm-none-eabi/lib/thumb/v7e-m+fp/hard\libc_nano.a(libc_a-nano-vfprintf_float.o)
                0x000000000800d6d6                __exponent
 *fill*         0x000000000800d752        0x2 
 .text._printf_float
                0x000000000800d754      0x46c D:/Programs/STM32CubeIDE_1.10.1/STM32CubeIDE/plugins/com.st.stm32cube.ide.mcu.externaltools.gnu-tools-for-stm32.11.3.rel1.win32_1.1.1.202309131626/tools/bin/../lib/gcc/arm-none-eabi/11.3.1/../../../../arm-none-eabi/lib/thumb/v7e-m+fp/hard\libc_nano.a(libc_a-nano-vfprintf_float.o)
                0x000000000800d754                _printf_float
 .text._printf_common
                0x000000000800dbc0       0xda D:/Programs/STM32CubeIDE_1.10.1/STM32CubeIDE/plugins/com.st.stm32cube.ide.mcu.externaltools.gnu-tools-for-stm32.11.3.rel1.win32_1.1.1.202309131626/tools/bin/../lib/gcc/arm-none-eabi/11.3.1/../../../../arm-none-eabi/lib/thumb/v7e-m+fp/hard\libc_nano.a(libc_a-nano-vfprintf_i.o)
                0x000000000800dbc0                _printf_common
 *fill*         0x000000000800dc9a        0x2 
 .text._printf_i
                0x000000000800dc9c      0x244 D:/Programs/STM32CubeIDE_1.10.1/STM32CubeIDE/plugins/com.st.stm32cube.ide.mcu.externaltools.gnu-tools-for-stm32.11.3.rel1.win32_1.1.1.202309131626/tools/bin/../lib/gcc/arm-none-eabi/11.3.1/../../../../arm-none-eabi/lib/thumb/v7e-m+fp/hard\libc_nano.a(libc_a-nano-vfprintf_i.o)
                0x000000000800dc9c                _printf_i
 .text.std      0x000000000800dee0       0x6c D:/Programs/STM32CubeIDE_1.10.1/STM32CubeIDE/plugins/com.st.stm32cube.ide.mcu.externaltools.gnu-tools-for-stm32.11.3.rel1.win32_1.1.1.202309131626/tools/bin/../lib/gcc/arm-none-eabi/11.3.1/../../../../arm-none-eabi/lib/thumb/v7e-m+fp/hard\libc_nano.a(libc_a-findfp.o)
 .text.stdio_exit_handler
                0x000000000800df4c       0x18 D:/Programs/STM32CubeIDE_1.10.1/STM32CubeIDE/plugins/com.st.stm32cube.ide.mcu.externaltools.gnu-tools-for-stm32.11.3.rel1.win32_1.1.1.202309131626/tools/bin/../lib/gcc/arm-none-eabi/11.3.1/../../../../arm-none-eabi/lib/thumb/v7e-m+fp/hard\libc_nano.a(libc_a-findfp.o)
 .text.cleanup_stdio
                0x000000000800df64       0x40 D:/Programs/STM32CubeIDE_1.10.1/STM32CubeIDE/plugins/com.st.stm32cube.ide.mcu.externaltools.gnu-tools-for-stm32.11.3.rel1.win32_1.1.1.202309131626/tools/bin/../lib/gcc/arm-none-eabi/11.3.1/../../../../arm-none-eabi/lib/thumb/v7e-m+fp/hard\libc_nano.a(libc_a-findfp.o)
 .text.global_stdio_init.part.0
                0x000000000800dfa4       0x3c D:/Programs/STM32CubeIDE_1.10.1/STM32CubeIDE/plugins/com.st.stm32cube.ide.mcu.externaltools.gnu-tools-for-stm32.11.3.rel1.win32_1.1.1.202309131626/tools/bin/../lib/gcc/arm-none-eabi/11.3.1/../../../../arm-none-eabi/lib/thumb/v7e-m+fp/hard\libc_nano.a(libc_a-findfp.o)
 .text.__sfp_lock_acquire
                0x000000000800dfe0        0xc D:/Programs/STM32CubeIDE_1.10.1/STM32CubeIDE/plugins/com.st.stm32cube.ide.mcu.externaltools.gnu-tools-for-stm32.11.3.rel1.win32_1.1.1.202309131626/tools/bin/../lib/gcc/arm-none-eabi/11.3.1/../../../../arm-none-eabi/lib/thumb/v7e-m+fp/hard\libc_nano.a(libc_a-findfp.o)
                0x000000000800dfe0                __sfp_lock_acquire
 .text.__sfp_lock_release
                0x000000000800dfec        0xc D:/Programs/STM32CubeIDE_1.10.1/STM32CubeIDE/plugins/com.st.stm32cube.ide.mcu.externaltools.gnu-tools-for-stm32.11.3.rel1.win32_1.1.1.202309131626/tools/bin/../lib/gcc/arm-none-eabi/11.3.1/../../../../arm-none-eabi/lib/thumb/v7e-m+fp/hard\libc_nano.a(libc_a-findfp.o)
                0x000000000800dfec                __sfp_lock_release
 .text.__sinit  0x000000000800dff8       0x30 D:/Programs/STM32CubeIDE_1.10.1/STM32CubeIDE/plugins/com.st.stm32cube.ide.mcu.externaltools.gnu-tools-for-stm32.11.3.rel1.win32_1.1.1.202309131626/tools/bin/../lib/gcc/arm-none-eabi/11.3.1/../../../../arm-none-eabi/lib/thumb/v7e-m+fp/hard\libc_nano.a(libc_a-findfp.o)
                0x000000000800dff8                __sinit
 .text._fwalk_sglue
                0x000000000800e028       0x3c D:/Programs/STM32CubeIDE_1.10.1/STM32CubeIDE/plugins/com.st.stm32cube.ide.mcu.externaltools.gnu-tools-for-stm32.11.3.rel1.win32_1.1.1.202309131626/tools/bin/../lib/gcc/arm-none-eabi/11.3.1/../../../../arm-none-eabi/lib/thumb/v7e-m+fp/hard\libc_nano.a(libc_a-fwalk.o)
                0x000000000800e028                _fwalk_sglue
 .text.printf   0x000000000800e064       0x24 D:/Programs/STM32CubeIDE_1.10.1/STM32CubeIDE/plugins/com.st.stm32cube.ide.mcu.externaltools.gnu-tools-for-stm32.11.3.rel1.win32_1.1.1.202309131626/tools/bin/../lib/gcc/arm-none-eabi/11.3.1/../../../../arm-none-eabi/lib/thumb/v7e-m+fp/hard\libc_nano.a(libc_a-printf.o)
                0x000000000800e064                iprintf
                0x000000000800e064                printf
 .text._puts_r  0x000000000800e088       0xa8 D:/Programs/STM32CubeIDE_1.10.1/STM32CubeIDE/plugins/com.st.stm32cube.ide.mcu.externaltools.gnu-tools-for-stm32.11.3.rel1.win32_1.1.1.202309131626/tools/bin/../lib/gcc/arm-none-eabi/11.3.1/../../../../arm-none-eabi/lib/thumb/v7e-m+fp/hard\libc_nano.a(libc_a-puts.o)
                0x000000000800e088                _puts_r
 .text.puts     0x000000000800e130       0x10 D:/Programs/STM32CubeIDE_1.10.1/STM32CubeIDE/plugins/com.st.stm32cube.ide.mcu.externaltools.gnu-tools-for-stm32.11.3.rel1.win32_1.1.1.202309131626/tools/bin/../lib/gcc/arm-none-eabi/11.3.1/../../../../arm-none-eabi/lib/thumb/v7e-m+fp/hard\libc_nano.a(libc_a-puts.o)
                0x000000000800e130                puts
 .text.sprintf  0x000000000800e140       0x40 D:/Programs/STM32CubeIDE_1.10.1/STM32CubeIDE/plugins/com.st.stm32cube.ide.mcu.externaltools.gnu-tools-for-stm32.11.3.rel1.win32_1.1.1.202309131626/tools/bin/../lib/gcc/arm-none-eabi/11.3.1/../../../../arm-none-eabi/lib/thumb/v7e-m+fp/hard\libc_nano.a(libc_a-sprintf.o)
                0x000000000800e140                siprintf
                0x000000000800e140                sprintf
 .text.__sread  0x000000000800e180       0x22 D:/Programs/STM32CubeIDE_1.10.1/STM32CubeIDE/plugins/com.st.stm32cube.ide.mcu.externaltools.gnu-tools-for-stm32.11.3.rel1.win32_1.1.1.202309131626/tools/bin/../lib/gcc/arm-none-eabi/11.3.1/../../../../arm-none-eabi/lib/thumb/v7e-m+fp/hard\libc_nano.a(libc_a-stdio.o)
                0x000000000800e180                __sread
 .text.__swrite
                0x000000000800e1a2       0x38 D:/Programs/STM32CubeIDE_1.10.1/STM32CubeIDE/plugins/com.st.stm32cube.ide.mcu.externaltools.gnu-tools-for-stm32.11.3.rel1.win32_1.1.1.202309131626/tools/bin/../lib/gcc/arm-none-eabi/11.3.1/../../../../arm-none-eabi/lib/thumb/v7e-m+fp/hard\libc_nano.a(libc_a-stdio.o)
                0x000000000800e1a2                __swrite
 .text.__sseek  0x000000000800e1da       0x24 D:/Programs/STM32CubeIDE_1.10.1/STM32CubeIDE/plugins/com.st.stm32cube.ide.mcu.externaltools.gnu-tools-for-stm32.11.3.rel1.win32_1.1.1.202309131626/tools/bin/../lib/gcc/arm-none-eabi/11.3.1/../../../../arm-none-eabi/lib/thumb/v7e-m+fp/hard\libc_nano.a(libc_a-stdio.o)
                0x000000000800e1da                __sseek
 .text.__sclose
                0x000000000800e1fe        0x8 D:/Programs/STM32CubeIDE_1.10.1/STM32CubeIDE/plugins/com.st.stm32cube.ide.mcu.externaltools.gnu-tools-for-stm32.11.3.rel1.win32_1.1.1.202309131626/tools/bin/../lib/gcc/arm-none-eabi/11.3.1/../../../../arm-none-eabi/lib/thumb/v7e-m+fp/hard\libc_nano.a(libc_a-stdio.o)
                0x000000000800e1fe                __sclose
 .text.__swbuf_r
                0x000000000800e206       0x7a D:/Programs/STM32CubeIDE_1.10.1/STM32CubeIDE/plugins/com.st.stm32cube.ide.mcu.externaltools.gnu-tools-for-stm32.11.3.rel1.win32_1.1.1.202309131626/tools/bin/../lib/gcc/arm-none-eabi/11.3.1/../../../../arm-none-eabi/lib/thumb/v7e-m+fp/hard\libc_nano.a(libc_a-wbuf.o)
                0x000000000800e206                __swbuf_r
 .text.__swsetup_r
                0x000000000800e280       0xb0 D:/Programs/STM32CubeIDE_1.10.1/STM32CubeIDE/plugins/com.st.stm32cube.ide.mcu.externaltools.gnu-tools-for-stm32.11.3.rel1.win32_1.1.1.202309131626/tools/bin/../lib/gcc/arm-none-eabi/11.3.1/../../../../arm-none-eabi/lib/thumb/v7e-m+fp/hard\libc_nano.a(libc_a-wsetup.o)
                0x000000000800e280                __swsetup_r
 .text.memset   0x000000000800e330       0x10 D:/Programs/STM32CubeIDE_1.10.1/STM32CubeIDE/plugins/com.st.stm32cube.ide.mcu.externaltools.gnu-tools-for-stm32.11.3.rel1.win32_1.1.1.202309131626/tools/bin/../lib/gcc/arm-none-eabi/11.3.1/../../../../arm-none-eabi/lib/thumb/v7e-m+fp/hard\libc_nano.a(libc_a-memset.o)
                0x000000000800e330                memset
 .text._localeconv_r
                0x000000000800e340        0x8 D:/Programs/STM32CubeIDE_1.10.1/STM32CubeIDE/plugins/com.st.stm32cube.ide.mcu.externaltools.gnu-tools-for-stm32.11.3.rel1.win32_1.1.1.202309131626/tools/bin/../lib/gcc/arm-none-eabi/11.3.1/../../../../arm-none-eabi/lib/thumb/v7e-m+fp/hard\libc_nano.a(libc_a-localeconv.o)
                0x000000000800e340                _localeconv_r
 .text._close_r
                0x000000000800e348       0x20 D:/Programs/STM32CubeIDE_1.10.1/STM32CubeIDE/plugins/com.st.stm32cube.ide.mcu.externaltools.gnu-tools-for-stm32.11.3.rel1.win32_1.1.1.202309131626/tools/bin/../lib/gcc/arm-none-eabi/11.3.1/../../../../arm-none-eabi/lib/thumb/v7e-m+fp/hard\libc_nano.a(libc_a-closer.o)
                0x000000000800e348                _close_r
 .text._lseek_r
                0x000000000800e368       0x24 D:/Programs/STM32CubeIDE_1.10.1/STM32CubeIDE/plugins/com.st.stm32cube.ide.mcu.externaltools.gnu-tools-for-stm32.11.3.rel1.win32_1.1.1.202309131626/tools/bin/../lib/gcc/arm-none-eabi/11.3.1/../../../../arm-none-eabi/lib/thumb/v7e-m+fp/hard\libc_nano.a(libc_a-lseekr.o)
                0x000000000800e368                _lseek_r
 .text._read_r  0x000000000800e38c       0x24 D:/Programs/STM32CubeIDE_1.10.1/STM32CubeIDE/plugins/com.st.stm32cube.ide.mcu.externaltools.gnu-tools-for-stm32.11.3.rel1.win32_1.1.1.202309131626/tools/bin/../lib/gcc/arm-none-eabi/11.3.1/../../../../arm-none-eabi/lib/thumb/v7e-m+fp/hard\libc_nano.a(libc_a-readr.o)
                0x000000000800e38c                _read_r
 .text._write_r
                0x000000000800e3b0       0x24 D:/Programs/STM32CubeIDE_1.10.1/STM32CubeIDE/plugins/com.st.stm32cube.ide.mcu.externaltools.gnu-tools-for-stm32.11.3.rel1.win32_1.1.1.202309131626/tools/bin/../lib/gcc/arm-none-eabi/11.3.1/../../../../arm-none-eabi/lib/thumb/v7e-m+fp/hard\libc_nano.a(libc_a-writer.o)
                0x000000000800e3b0                _write_r
 .text.__errno  0x000000000800e3d4        0xc D:/Programs/STM32CubeIDE_1.10.1/STM32CubeIDE/plugins/com.st.stm32cube.ide.mcu.externaltools.gnu-tools-for-stm32.11.3.rel1.win32_1.1.1.202309131626/tools/bin/../lib/gcc/arm-none-eabi/11.3.1/../../../../arm-none-eabi/lib/thumb/v7e-m+fp/hard\libc_nano.a(libc_a-errno.o)
                0x000000000800e3d4                __errno
 .text.__libc_init_array
                0x000000000800e3e0       0x48 D:/Programs/STM32CubeIDE_1.10.1/STM32CubeIDE/plugins/com.st.stm32cube.ide.mcu.externaltools.gnu-tools-for-stm32.11.3.rel1.win32_1.1.1.202309131626/tools/bin/../lib/gcc/arm-none-eabi/11.3.1/../../../../arm-none-eabi/lib/thumb/v7e-m+fp/hard\libc_nano.a(libc_a-init.o)
                0x000000000800e3e0                __libc_init_array
 .text.__retarget_lock_init_recursive
                0x000000000800e428        0x2 D:/Programs/STM32CubeIDE_1.10.1/STM32CubeIDE/plugins/com.st.stm32cube.ide.mcu.externaltools.gnu-tools-for-stm32.11.3.rel1.win32_1.1.1.202309131626/tools/bin/../lib/gcc/arm-none-eabi/11.3.1/../../../../arm-none-eabi/lib/thumb/v7e-m+fp/hard\libc_nano.a(libc_a-lock.o)
                0x000000000800e428                __retarget_lock_init_recursive
 .text.__retarget_lock_acquire_recursive
                0x000000000800e42a        0x2 D:/Programs/STM32CubeIDE_1.10.1/STM32CubeIDE/plugins/com.st.stm32cube.ide.mcu.externaltools.gnu-tools-for-stm32.11.3.rel1.win32_1.1.1.202309131626/tools/bin/../lib/gcc/arm-none-eabi/11.3.1/../../../../arm-none-eabi/lib/thumb/v7e-m+fp/hard\libc_nano.a(libc_a-lock.o)
                0x000000000800e42a                __retarget_lock_acquire_recursive
 .text.__retarget_lock_release_recursive
                0x000000000800e42c        0x2 D:/Programs/STM32CubeIDE_1.10.1/STM32CubeIDE/plugins/com.st.stm32cube.ide.mcu.externaltools.gnu-tools-for-stm32.11.3.rel1.win32_1.1.1.202309131626/tools/bin/../lib/gcc/arm-none-eabi/11.3.1/../../../../arm-none-eabi/lib/thumb/v7e-m+fp/hard\libc_nano.a(libc_a-lock.o)
                0x000000000800e42c                __retarget_lock_release_recursive
 .text.strcpy   0x000000000800e42e       0x10 D:/Programs/STM32CubeIDE_1.10.1/STM32CubeIDE/plugins/com.st.stm32cube.ide.mcu.externaltools.gnu-tools-for-stm32.11.3.rel1.win32_1.1.1.202309131626/tools/bin/../lib/gcc/arm-none-eabi/11.3.1/../../../../arm-none-eabi/lib/thumb/v7e-m+fp/hard\libc_nano.a(libc_a-strcpy.o)
                0x000000000800e42e                strcpy
 .text.memcpy   0x000000000800e43e       0x1c D:/Programs/STM32CubeIDE_1.10.1/STM32CubeIDE/plugins/com.st.stm32cube.ide.mcu.externaltools.gnu-tools-for-stm32.11.3.rel1.win32_1.1.1.202309131626/tools/bin/../lib/gcc/arm-none-eabi/11.3.1/../../../../arm-none-eabi/lib/thumb/v7e-m+fp/hard\libc_nano.a(libc_a-memcpy-stub.o)
                0x000000000800e43e                memcpy
 .text.quorem   0x000000000800e45a      0x110 D:/Programs/STM32CubeIDE_1.10.1/STM32CubeIDE/plugins/com.st.stm32cube.ide.mcu.externaltools.gnu-tools-for-stm32.11.3.rel1.win32_1.1.1.202309131626/tools/bin/../lib/gcc/arm-none-eabi/11.3.1/../../../../arm-none-eabi/lib/thumb/v7e-m+fp/hard\libc_nano.a(libc_a-dtoa.o)
 *fill*         0x000000000800e56a        0x6 
 .text._dtoa_r  0x000000000800e570      0xbe4 D:/Programs/STM32CubeIDE_1.10.1/STM32CubeIDE/plugins/com.st.stm32cube.ide.mcu.externaltools.gnu-tools-for-stm32.11.3.rel1.win32_1.1.1.202309131626/tools/bin/../lib/gcc/arm-none-eabi/11.3.1/../../../../arm-none-eabi/lib/thumb/v7e-m+fp/hard\libc_nano.a(libc_a-dtoa.o)
                0x000000000800e570                _dtoa_r
 .text._free_r  0x000000000800f154       0x98 D:/Programs/STM32CubeIDE_1.10.1/STM32CubeIDE/plugins/com.st.stm32cube.ide.mcu.externaltools.gnu-tools-for-stm32.11.3.rel1.win32_1.1.1.202309131626/tools/bin/../lib/gcc/arm-none-eabi/11.3.1/../../../../arm-none-eabi/lib/thumb/v7e-m+fp/hard\libc_nano.a(libc_a-freer.o)
                0x000000000800f154                _free_r
 .text.malloc   0x000000000800f1ec       0x10 D:/Programs/STM32CubeIDE_1.10.1/STM32CubeIDE/plugins/com.st.stm32cube.ide.mcu.externaltools.gnu-tools-for-stm32.11.3.rel1.win32_1.1.1.202309131626/tools/bin/../lib/gcc/arm-none-eabi/11.3.1/../../../../arm-none-eabi/lib/thumb/v7e-m+fp/hard\libc_nano.a(libc_a-malloc.o)
                0x000000000800f1ec                malloc
 .text.sbrk_aligned
                0x000000000800f1fc       0x40 D:/Programs/STM32CubeIDE_1.10.1/STM32CubeIDE/plugins/com.st.stm32cube.ide.mcu.externaltools.gnu-tools-for-stm32.11.3.rel1.win32_1.1.1.202309131626/tools/bin/../lib/gcc/arm-none-eabi/11.3.1/../../../../arm-none-eabi/lib/thumb/v7e-m+fp/hard\libc_nano.a(libc_a-mallocr.o)
 .text._malloc_r
                0x000000000800f23c      0x100 D:/Programs/STM32CubeIDE_1.10.1/STM32CubeIDE/plugins/com.st.stm32cube.ide.mcu.externaltools.gnu-tools-for-stm32.11.3.rel1.win32_1.1.1.202309131626/tools/bin/../lib/gcc/arm-none-eabi/11.3.1/../../../../arm-none-eabi/lib/thumb/v7e-m+fp/hard\libc_nano.a(libc_a-mallocr.o)
                0x000000000800f23c                _malloc_r
 .text.__malloc_lock
                0x000000000800f33c        0xc D:/Programs/STM32CubeIDE_1.10.1/STM32CubeIDE/plugins/com.st.stm32cube.ide.mcu.externaltools.gnu-tools-for-stm32.11.3.rel1.win32_1.1.1.202309131626/tools/bin/../lib/gcc/arm-none-eabi/11.3.1/../../../../arm-none-eabi/lib/thumb/v7e-m+fp/hard\libc_nano.a(libc_a-mlock.o)
                0x000000000800f33c                __malloc_lock
 .text.__malloc_unlock
                0x000000000800f348        0xc D:/Programs/STM32CubeIDE_1.10.1/STM32CubeIDE/plugins/com.st.stm32cube.ide.mcu.externaltools.gnu-tools-for-stm32.11.3.rel1.win32_1.1.1.202309131626/tools/bin/../lib/gcc/arm-none-eabi/11.3.1/../../../../arm-none-eabi/lib/thumb/v7e-m+fp/hard\libc_nano.a(libc_a-mlock.o)
                0x000000000800f348                __malloc_unlock
 .text._Balloc  0x000000000800f354       0x80 D:/Programs/STM32CubeIDE_1.10.1/STM32CubeIDE/plugins/com.st.stm32cube.ide.mcu.externaltools.gnu-tools-for-stm32.11.3.rel1.win32_1.1.1.202309131626/tools/bin/../lib/gcc/arm-none-eabi/11.3.1/../../../../arm-none-eabi/lib/thumb/v7e-m+fp/hard\libc_nano.a(libc_a-mprec.o)
                0x000000000800f354                _Balloc
 .text._Bfree   0x000000000800f3d4       0x44 D:/Programs/STM32CubeIDE_1.10.1/STM32CubeIDE/plugins/com.st.stm32cube.ide.mcu.externaltools.gnu-tools-for-stm32.11.3.rel1.win32_1.1.1.202309131626/tools/bin/../lib/gcc/arm-none-eabi/11.3.1/../../../../arm-none-eabi/lib/thumb/v7e-m+fp/hard\libc_nano.a(libc_a-mprec.o)
                0x000000000800f3d4                _Bfree
 .text.__multadd
                0x000000000800f418       0x8c D:/Programs/STM32CubeIDE_1.10.1/STM32CubeIDE/plugins/com.st.stm32cube.ide.mcu.externaltools.gnu-tools-for-stm32.11.3.rel1.win32_1.1.1.202309131626/tools/bin/../lib/gcc/arm-none-eabi/11.3.1/../../../../arm-none-eabi/lib/thumb/v7e-m+fp/hard\libc_nano.a(libc_a-mprec.o)
                0x000000000800f418                __multadd
 .text.__hi0bits
                0x000000000800f4a4       0x40 D:/Programs/STM32CubeIDE_1.10.1/STM32CubeIDE/plugins/com.st.stm32cube.ide.mcu.externaltools.gnu-tools-for-stm32.11.3.rel1.win32_1.1.1.202309131626/tools/bin/../lib/gcc/arm-none-eabi/11.3.1/../../../../arm-none-eabi/lib/thumb/v7e-m+fp/hard\libc_nano.a(libc_a-mprec.o)
                0x000000000800f4a4                __hi0bits
 .text.__lo0bits
                0x000000000800f4e4       0x5a D:/Programs/STM32CubeIDE_1.10.1/STM32CubeIDE/plugins/com.st.stm32cube.ide.mcu.externaltools.gnu-tools-for-stm32.11.3.rel1.win32_1.1.1.202309131626/tools/bin/../lib/gcc/arm-none-eabi/11.3.1/../../../../arm-none-eabi/lib/thumb/v7e-m+fp/hard\libc_nano.a(libc_a-mprec.o)
                0x000000000800f4e4                __lo0bits
 *fill*         0x000000000800f53e        0x2 
 .text.__i2b    0x000000000800f540       0x2c D:/Programs/STM32CubeIDE_1.10.1/STM32CubeIDE/plugins/com.st.stm32cube.ide.mcu.externaltools.gnu-tools-for-stm32.11.3.rel1.win32_1.1.1.202309131626/tools/bin/../lib/gcc/arm-none-eabi/11.3.1/../../../../arm-none-eabi/lib/thumb/v7e-m+fp/hard\libc_nano.a(libc_a-mprec.o)
                0x000000000800f540                __i2b
 .text.__multiply
                0x000000000800f56c      0x154 D:/Programs/STM32CubeIDE_1.10.1/STM32CubeIDE/plugins/com.st.stm32cube.ide.mcu.externaltools.gnu-tools-for-stm32.11.3.rel1.win32_1.1.1.202309131626/tools/bin/../lib/gcc/arm-none-eabi/11.3.1/../../../../arm-none-eabi/lib/thumb/v7e-m+fp/hard\libc_nano.a(libc_a-mprec.o)
                0x000000000800f56c                __multiply
 .text.__pow5mult
                0x000000000800f6c0       0xb4 D:/Programs/STM32CubeIDE_1.10.1/STM32CubeIDE/plugins/com.st.stm32cube.ide.mcu.externaltools.gnu-tools-for-stm32.11.3.rel1.win32_1.1.1.202309131626/tools/bin/../lib/gcc/arm-none-eabi/11.3.1/../../../../arm-none-eabi/lib/thumb/v7e-m+fp/hard\libc_nano.a(libc_a-mprec.o)
                0x000000000800f6c0                __pow5mult
 .text.__lshift
                0x000000000800f774       0xd8 D:/Programs/STM32CubeIDE_1.10.1/STM32CubeIDE/plugins/com.st.stm32cube.ide.mcu.externaltools.gnu-tools-for-stm32.11.3.rel1.win32_1.1.1.202309131626/tools/bin/../lib/gcc/arm-none-eabi/11.3.1/../../../../arm-none-eabi/lib/thumb/v7e-m+fp/hard\libc_nano.a(libc_a-mprec.o)
                0x000000000800f774                __lshift
 .text.__mcmp   0x000000000800f84c       0x38 D:/Programs/STM32CubeIDE_1.10.1/STM32CubeIDE/plugins/com.st.stm32cube.ide.mcu.externaltools.gnu-tools-for-stm32.11.3.rel1.win32_1.1.1.202309131626/tools/bin/../lib/gcc/arm-none-eabi/11.3.1/../../../../arm-none-eabi/lib/thumb/v7e-m+fp/hard\libc_nano.a(libc_a-mprec.o)
                0x000000000800f84c                __mcmp
 .text.__mdiff  0x000000000800f884      0x114 D:/Programs/STM32CubeIDE_1.10.1/STM32CubeIDE/plugins/com.st.stm32cube.ide.mcu.externaltools.gnu-tools-for-stm32.11.3.rel1.win32_1.1.1.202309131626/tools/bin/../lib/gcc/arm-none-eabi/11.3.1/../../../../arm-none-eabi/lib/thumb/v7e-m+fp/hard\libc_nano.a(libc_a-mprec.o)
                0x000000000800f884                __mdiff
 .text.__d2b    0x000000000800f998       0xb4 D:/Programs/STM32CubeIDE_1.10.1/STM32CubeIDE/plugins/com.st.stm32cube.ide.mcu.externaltools.gnu-tools-for-stm32.11.3.rel1.win32_1.1.1.202309131626/tools/bin/../lib/gcc/arm-none-eabi/11.3.1/../../../../arm-none-eabi/lib/thumb/v7e-m+fp/hard\libc_nano.a(libc_a-mprec.o)
                0x000000000800f998                __d2b
 .text.__ssputs_r
                0x000000000800fa4c       0xb4 D:/Programs/STM32CubeIDE_1.10.1/STM32CubeIDE/plugins/com.st.stm32cube.ide.mcu.externaltools.gnu-tools-for-stm32.11.3.rel1.win32_1.1.1.202309131626/tools/bin/../lib/gcc/arm-none-eabi/11.3.1/../../../../arm-none-eabi/lib/thumb/v7e-m+fp/hard\libc_nano.a(libc_a-nano-svfprintf.o)
                0x000000000800fa4c                __ssputs_r
 .text._svfprintf_r
                0x000000000800fb00      0x1fc D:/Programs/STM32CubeIDE_1.10.1/STM32CubeIDE/plugins/com.st.stm32cube.ide.mcu.externaltools.gnu-tools-for-stm32.11.3.rel1.win32_1.1.1.202309131626/tools/bin/../lib/gcc/arm-none-eabi/11.3.1/../../../../arm-none-eabi/lib/thumb/v7e-m+fp/hard\libc_nano.a(libc_a-nano-svfprintf.o)
                0x000000000800fb00                _svfiprintf_r
                0x000000000800fb00                _svfprintf_r
 .text.__sfputc_r
                0x000000000800fcfc       0x2e D:/Programs/STM32CubeIDE_1.10.1/STM32CubeIDE/plugins/com.st.stm32cube.ide.mcu.externaltools.gnu-tools-for-stm32.11.3.rel1.win32_1.1.1.202309131626/tools/bin/../lib/gcc/arm-none-eabi/11.3.1/../../../../arm-none-eabi/lib/thumb/v7e-m+fp/hard\libc_nano.a(libc_a-nano-vfprintf.o)
 .text.__sfputs_r
                0x000000000800fd2a       0x24 D:/Programs/STM32CubeIDE_1.10.1/STM32CubeIDE/plugins/com.st.stm32cube.ide.mcu.externaltools.gnu-tools-for-stm32.11.3.rel1.win32_1.1.1.202309131626/tools/bin/../lib/gcc/arm-none-eabi/11.3.1/../../../../arm-none-eabi/lib/thumb/v7e-m+fp/hard\libc_nano.a(libc_a-nano-vfprintf.o)
                0x000000000800fd2a                __sfputs_r
 *fill*         0x000000000800fd4e        0x2 
 .text._vfprintf_r
                0x000000000800fd50      0x234 D:/Programs/STM32CubeIDE_1.10.1/STM32CubeIDE/plugins/com.st.stm32cube.ide.mcu.externaltools.gnu-tools-for-stm32.11.3.rel1.win32_1.1.1.202309131626/tools/bin/../lib/gcc/arm-none-eabi/11.3.1/../../../../arm-none-eabi/lib/thumb/v7e-m+fp/hard\libc_nano.a(libc_a-nano-vfprintf.o)
                0x000000000800fd50                _vfprintf_r
                0x000000000800fd50                _vfiprintf_r
 .text.__sflush_r
                0x000000000800ff84      0x10c D:/Programs/STM32CubeIDE_1.10.1/STM32CubeIDE/plugins/com.st.stm32cube.ide.mcu.externaltools.gnu-tools-for-stm32.11.3.rel1.win32_1.1.1.202309131626/tools/bin/../lib/gcc/arm-none-eabi/11.3.1/../../../../arm-none-eabi/lib/thumb/v7e-m+fp/hard\libc_nano.a(libc_a-fflush.o)
                0x000000000800ff84                __sflush_r
 .text._fflush_r
                0x0000000008010090       0x50 D:/Programs/STM32CubeIDE_1.10.1/STM32CubeIDE/plugins/com.st.stm32cube.ide.mcu.externaltools.gnu-tools-for-stm32.11.3.rel1.win32_1.1.1.202309131626/tools/bin/../lib/gcc/arm-none-eabi/11.3.1/../../../../arm-none-eabi/lib/thumb/v7e-m+fp/hard\libc_nano.a(libc_a-fflush.o)
                0x0000000008010090                _fflush_r
 .text.__swhatbuf_r
                0x00000000080100e0       0x4c D:/Programs/STM32CubeIDE_1.10.1/STM32CubeIDE/plugins/com.st.stm32cube.ide.mcu.externaltools.gnu-tools-for-stm32.11.3.rel1.win32_1.1.1.202309131626/tools/bin/../lib/gcc/arm-none-eabi/11.3.1/../../../../arm-none-eabi/lib/thumb/v7e-m+fp/hard\libc_nano.a(libc_a-makebuf.o)
                0x00000000080100e0                __swhatbuf_r
 .text.__smakebuf_r
                0x000000000801012c       0x78 D:/Programs/STM32CubeIDE_1.10.1/STM32CubeIDE/plugins/com.st.stm32cube.ide.mcu.externaltools.gnu-tools-for-stm32.11.3.rel1.win32_1.1.1.202309131626/tools/bin/../lib/gcc/arm-none-eabi/11.3.1/../../../../arm-none-eabi/lib/thumb/v7e-m+fp/hard\libc_nano.a(libc_a-makebuf.o)
                0x000000000801012c                __smakebuf_r
 .text.memmove  0x00000000080101a4       0x34 D:/Programs/STM32CubeIDE_1.10.1/STM32CubeIDE/plugins/com.st.stm32cube.ide.mcu.externaltools.gnu-tools-for-stm32.11.3.rel1.win32_1.1.1.202309131626/tools/bin/../lib/gcc/arm-none-eabi/11.3.1/../../../../arm-none-eabi/lib/thumb/v7e-m+fp/hard\libc_nano.a(libc_a-memmove.o)
                0x00000000080101a4                memmove
 .text._fstat_r
                0x00000000080101d8       0x24 D:/Programs/STM32CubeIDE_1.10.1/STM32CubeIDE/plugins/com.st.stm32cube.ide.mcu.externaltools.gnu-tools-for-stm32.11.3.rel1.win32_1.1.1.202309131626/tools/bin/../lib/gcc/arm-none-eabi/11.3.1/../../../../arm-none-eabi/lib/thumb/v7e-m+fp/hard\libc_nano.a(libc_a-fstatr.o)
                0x00000000080101d8                _fstat_r
 .text._isatty_r
                0x00000000080101fc       0x20 D:/Programs/STM32CubeIDE_1.10.1/STM32CubeIDE/plugins/com.st.stm32cube.ide.mcu.externaltools.gnu-tools-for-stm32.11.3.rel1.win32_1.1.1.202309131626/tools/bin/../lib/gcc/arm-none-eabi/11.3.1/../../../../arm-none-eabi/lib/thumb/v7e-m+fp/hard\libc_nano.a(libc_a-isattyr.o)
                0x00000000080101fc                _isatty_r
 .text._sbrk_r  0x000000000801021c       0x20 D:/Programs/STM32CubeIDE_1.10.1/STM32CubeIDE/plugins/com.st.stm32cube.ide.mcu.externaltools.gnu-tools-for-stm32.11.3.rel1.win32_1.1.1.202309131626/tools/bin/../lib/gcc/arm-none-eabi/11.3.1/../../../../arm-none-eabi/lib/thumb/v7e-m+fp/hard\libc_nano.a(libc_a-sbrkr.o)
                0x000000000801021c                _sbrk_r
 .text.__assert_func
                0x000000000801023c       0x3c D:/Programs/STM32CubeIDE_1.10.1/STM32CubeIDE/plugins/com.st.stm32cube.ide.mcu.externaltools.gnu-tools-for-stm32.11.3.rel1.win32_1.1.1.202309131626/tools/bin/../lib/gcc/arm-none-eabi/11.3.1/../../../../arm-none-eabi/lib/thumb/v7e-m+fp/hard\libc_nano.a(libc_a-assert.o)
                0x000000000801023c                __assert_func
 .text._calloc_r
                0x0000000008010278       0x2c D:/Programs/STM32CubeIDE_1.10.1/STM32CubeIDE/plugins/com.st.stm32cube.ide.mcu.externaltools.gnu-tools-for-stm32.11.3.rel1.win32_1.1.1.202309131626/tools/bin/../lib/gcc/arm-none-eabi/11.3.1/../../../../arm-none-eabi/lib/thumb/v7e-m+fp/hard\libc_nano.a(libc_a-callocr.o)
                0x0000000008010278                _calloc_r
 .text.__ascii_mbtowc
                0x00000000080102a4       0x24 D:/Programs/STM32CubeIDE_1.10.1/STM32CubeIDE/plugins/com.st.stm32cube.ide.mcu.externaltools.gnu-tools-for-stm32.11.3.rel1.win32_1.1.1.202309131626/tools/bin/../lib/gcc/arm-none-eabi/11.3.1/../../../../arm-none-eabi/lib/thumb/v7e-m+fp/hard\libc_nano.a(libc_a-mbtowc_r.o)
                0x00000000080102a4                __ascii_mbtowc
 .text._realloc_r
                0x00000000080102c8       0x5e D:/Programs/STM32CubeIDE_1.10.1/STM32CubeIDE/plugins/com.st.stm32cube.ide.mcu.externaltools.gnu-tools-for-stm32.11.3.rel1.win32_1.1.1.202309131626/tools/bin/../lib/gcc/arm-none-eabi/11.3.1/../../../../arm-none-eabi/lib/thumb/v7e-m+fp/hard\libc_nano.a(libc_a-reallocr.o)
                0x00000000080102c8                _realloc_r
 .text.__ascii_wctomb
                0x0000000008010326       0x1a D:/Programs/STM32CubeIDE_1.10.1/STM32CubeIDE/plugins/com.st.stm32cube.ide.mcu.externaltools.gnu-tools-for-stm32.11.3.rel1.win32_1.1.1.202309131626/tools/bin/../lib/gcc/arm-none-eabi/11.3.1/../../../../arm-none-eabi/lib/thumb/v7e-m+fp/hard\libc_nano.a(libc_a-wctomb_r.o)
                0x0000000008010326                __ascii_wctomb
 .text.fprintf  0x0000000008010340       0x24 D:/Programs/STM32CubeIDE_1.10.1/STM32CubeIDE/plugins/com.st.stm32cube.ide.mcu.externaltools.gnu-tools-for-stm32.11.3.rel1.win32_1.1.1.202309131626/tools/bin/../lib/gcc/arm-none-eabi/11.3.1/../../../../arm-none-eabi/lib/thumb/v7e-m+fp/hard\libc_nano.a(libc_a-fprintf.o)
                0x0000000008010340                fiprintf
                0x0000000008010340                fprintf