../lvgl/src/themes/mono/../../../src/misc/../draw/../misc/lv_color.h:438:26:lv_color_white	8	static
../lvgl/src/themes/mono/../../../src/misc/../draw/../misc/lv_color.h:447:26:lv_color_black	8	static
../lvgl/src/themes/mono/lv_theme_mono.c:231:13:theme_apply	48	static
../lvgl/src/themes/mono/../../../src/core/../misc/lv_style.h:597:20:lv_style_set_pad_all	16	static
../lvgl/src/themes/mono/../../../src/core/../display/lv_display.h:602:23:lv_display_dpx.constprop	8	static
../lvgl/src/themes/mono/lv_theme_mono.c:182:6:lv_theme_mono_is_inited	0	static
../lvgl/src/themes/mono/lv_theme_mono.c:521:13:style_init_reset	8	static
../lvgl/src/themes/mono/lv_theme_mono.c:189:6:lv_theme_mono_deinit	16	static
../lvgl/src/themes/mono/lv_theme_mono.c:205:14:lv_theme_mono_init	104	static
