../lvgl/src/widgets/buttonmatrix/lv_buttonmatrix.c:379:13:lv_buttonmatrix_destructor	8	static
../lvgl/src/widgets/buttonmatrix/../../core/lv_obj_style_gen.h:177:23:lv_obj_get_style_pad_column.constprop	16	static
../lvgl/src/widgets/buttonmatrix/lv_buttonmatrix.c:96:6:lv_buttonmatrix_set_map.part.0	112	static
../lvgl/src/widgets/buttonmatrix/lv_buttonmatrix.c:359:13:lv_buttonmatrix_constructor	0	static
../lvgl/src/widgets/buttonmatrix/lv_buttonmatrix.c:662:13:draw_main	512	static
../lvgl/src/widgets/buttonmatrix/lv_buttonmatrix.c:910:17:get_button_from_point	96	static
../lvgl/src/widgets/buttonmatrix/lv_buttonmatrix.c:963:13:invalidate_button_area	64	static
../lvgl/src/widgets/buttonmatrix/lv_buttonmatrix.c:84:12:lv_buttonmatrix_create	8	static
../lvgl/src/widgets/buttonmatrix/lv_buttonmatrix.c:96:6:lv_buttonmatrix_set_map	0	static
../lvgl/src/widgets/buttonmatrix/lv_buttonmatrix.c:187:6:lv_buttonmatrix_set_ctrl_map	8	static
../lvgl/src/widgets/buttonmatrix/lv_buttonmatrix.c:197:6:lv_buttonmatrix_set_selected_button	16	static
../lvgl/src/widgets/buttonmatrix/lv_buttonmatrix.c:230:6:lv_buttonmatrix_clear_button_ctrl	16	static
../lvgl/src/widgets/buttonmatrix/lv_buttonmatrix.c:257:6:lv_buttonmatrix_clear_button_ctrl_all	16	static
../lvgl/src/widgets/buttonmatrix/lv_buttonmatrix.c:210:6:lv_buttonmatrix_set_button_ctrl	16	static
../lvgl/src/widgets/buttonmatrix/lv_buttonmatrix.c:246:6:lv_buttonmatrix_set_button_ctrl_all	16	static
../lvgl/src/widgets/buttonmatrix/lv_buttonmatrix.c:268:6:lv_buttonmatrix_set_button_width	8	static
../lvgl/src/widgets/buttonmatrix/lv_buttonmatrix.c:295:15:lv_buttonmatrix_get_map	0	static
../lvgl/src/widgets/buttonmatrix/lv_buttonmatrix.c:303:10:lv_buttonmatrix_get_selected_button	0	static
../lvgl/src/widgets/buttonmatrix/lv_buttonmatrix.c:311:14:lv_buttonmatrix_get_button_text	32	static
../lvgl/src/widgets/buttonmatrix/lv_buttonmatrix.c:336:6:lv_buttonmatrix_has_button_ctrl	0	static
../lvgl/src/widgets/buttonmatrix/lv_buttonmatrix.c:1006:13:make_one_button_checked	16	static
../lvgl/src/widgets/buttonmatrix/lv_buttonmatrix.c:391:13:lv_buttonmatrix_event	48	static
../lvgl/src/widgets/buttonmatrix/lv_buttonmatrix.c:280:6:lv_buttonmatrix_set_one_checked	0	static
../lvgl/src/widgets/buttonmatrix/lv_buttonmatrix.c:346:6:lv_buttonmatrix_get_one_checked	0	static
