../lvgl/src/widgets/roller/lv_roller.c:786:13:set_y_anim	0	static
../lvgl/src/widgets/roller/../../core/lv_obj_style_gen.h:537:33:lv_obj_get_style_text_font	16	static
../lvgl/src/widgets/roller/lv_roller.c:762:19:get_label	0	static
../lvgl/src/widgets/roller/../../core/lv_obj_style_gen.h:549:23:lv_obj_get_style_text_line_space.constprop	16	static
../lvgl/src/widgets/roller/lv_roller.c:562:13:get_sel_area	40	static
../lvgl/src/widgets/roller/lv_roller.c:735:13:inf_normalize	24	static
../lvgl/src/widgets/roller/lv_roller.c:780:13:scroll_anim_completed_cb	8	static
../lvgl/src/widgets/roller/lv_roller.c:586:13:refr_position	120	static
../lvgl/src/widgets/roller/lv_roller.c:92:6:lv_roller_set_options.part.0	48	static
../lvgl/src/widgets/roller/lv_roller.c:266:13:lv_roller_constructor	16	static
../lvgl/src/widgets/roller/lv_roller.c:433:13:draw_main	248	static
../lvgl/src/widgets/roller/lv_roller.c:791:13:transform_vect_recursive	40	static
../lvgl/src/widgets/roller/lv_roller.c:767:16:get_selected_label_width	40	static
../lvgl/src/widgets/roller/lv_roller.c:402:13:lv_roller_label_event	200	static
../lvgl/src/widgets/roller/lv_roller.c:80:12:lv_roller_create	8	static
../lvgl/src/widgets/roller/lv_roller.c:92:6:lv_roller_set_options	0	static
../lvgl/src/widgets/roller/lv_roller.c:148:6:lv_roller_set_selected	16	static
../lvgl/src/widgets/roller/lv_roller.c:288:13:lv_roller_event	56	static
../lvgl/src/widgets/roller/lv_roller.c:182:6:lv_roller_set_visible_row_count	32	static
../lvgl/src/widgets/roller/lv_roller.c:196:10:lv_roller_get_selected	0	static
../lvgl/src/widgets/roller/lv_roller.c:210:6:lv_roller_get_selected_str	24	static
../lvgl/src/widgets/roller/lv_roller.c:242:14:lv_roller_get_options	8	static
../lvgl/src/widgets/roller/lv_roller.c:249:10:lv_roller_get_option_count	0	static
