../lvgl/src/widgets/slider/lv_slider.c:332:13:is_slider_horizontal	16	static
../lvgl/src/widgets/slider/lv_slider.h:170:32:lv_slider_get_mode	8	static
../lvgl/src/widgets/slider/lv_slider.c:86:13:lv_slider_constructor	16	static
../lvgl/src/widgets/slider/lv_slider.c:302:13:position_knob	40	static
../lvgl/src/widgets/slider/lv_slider.c:401:13:update_knob_pos	64	static
../lvgl/src/widgets/slider/lv_slider.c:241:13:draw_knob	272	static
../lvgl/src/widgets/slider/lv_slider.c:102:13:lv_slider_event	64	static
../lvgl/src/widgets/slider/lv_slider.c:66:12:lv_slider_create	8	static
../lvgl/src/widgets/slider/lv_slider.c:74:6:lv_slider_is_dragged	0	static
