../lvgl/src/widgets/keyboard/lv_keyboard.c:412:13:lv_keyboard_update_ctrl_map	24	static
../lvgl/src/widgets/keyboard/lv_keyboard.c:401:13:lv_keyboard_update_map	8	static
../lvgl/src/widgets/keyboard/lv_keyboard.c:380:13:lv_keyboard_constructor	16	static
../lvgl/src/widgets/keyboard/lv_keyboard.c:272:6:lv_keyboard_def_event_cb	16	static
../lvgl/src/widgets/keyboard/lv_keyboard.c:179:12:lv_keyboard_create	8	static
../lvgl/src/widgets/keyboard/lv_keyboard.c:191:6:lv_keyboard_set_textarea	16	static
../lvgl/src/widgets/keyboard/lv_keyboard.c:213:6:lv_keyboard_set_mode	0	static
../lvgl/src/widgets/keyboard/lv_keyboard.c:223:6:lv_keyboard_set_popovers	4	static
../lvgl/src/widgets/keyboard/lv_keyboard.c:235:6:lv_keyboard_set_map	4	static
../lvgl/src/widgets/keyboard/lv_keyboard.c:248:12:lv_keyboard_get_textarea	0	static
../lvgl/src/widgets/keyboard/lv_keyboard.c:255:20:lv_keyboard_get_mode	0	static
../lvgl/src/widgets/keyboard/lv_keyboard.c:262:6:lv_buttonmatrix_get_popovers	0	static
