../lvgl/src/widgets/msgbox/lv_msgbox.c:284:13:msgbox_size_changed_event_cb	16	static
../lvgl/src/widgets/msgbox/lv_msgbox.c:105:12:lv_msgbox_create	16	static
../lvgl/src/widgets/msgbox/lv_msgbox.c:138:12:lv_msgbox_add_title	24	static
../lvgl/src/widgets/msgbox/lv_msgbox.c:164:12:lv_msgbox_add_header_button	16	static
../lvgl/src/widgets/msgbox/lv_msgbox.c:186:12:lv_msgbox_add_text	16	static
../lvgl/src/widgets/msgbox/lv_msgbox.c:197:12:lv_msgbox_add_footer_button	16	static
../lvgl/src/widgets/msgbox/lv_msgbox.c:226:12:lv_msgbox_add_close_button	8	static
../lvgl/src/widgets/msgbox/lv_msgbox.c:233:12:lv_msgbox_get_header	0	static
../lvgl/src/widgets/msgbox/lv_msgbox.c:240:12:lv_msgbox_get_footer	0	static
../lvgl/src/widgets/msgbox/lv_msgbox.c:247:12:lv_msgbox_get_content	0	static
../lvgl/src/widgets/msgbox/lv_msgbox.c:254:12:lv_msgbox_get_title	0	static
../lvgl/src/widgets/msgbox/lv_msgbox.c:261:6:lv_msgbox_close	8	static
../lvgl/src/widgets/msgbox/lv_msgbox.c:277:13:msgbox_close_click_event_cb	8	static
../lvgl/src/widgets/msgbox/lv_msgbox.c:267:6:lv_msgbox_close_async	8	static
