../lvgl/src/indev/lv_indev.c:1572:13:indev_reset_check	0	static
../lvgl/src/indev/lv_indev.c:1422:13:indev_proc_reset_query_handler	0	static
../lvgl/src/indev/lv_indev.c:1644:13:indev_scroll_throw_anim_cb	8	static
../lvgl/src/indev/lv_indev.c:1660:13:indev_scroll_throw_anim_completed_cb	0	static
../lvgl/src/indev/lv_indev.c:109:14:lv_indev_create	8	static
../lvgl/src/indev/lv_indev.c:157:14:lv_indev_get_next	0	static
../lvgl/src/indev/lv_indev.c:268:6:lv_indev_enable	8	static
../lvgl/src/indev/lv_indev.c:282:14:lv_indev_active	0	static
../lvgl/src/indev/lv_indev.c:287:6:lv_indev_set_type	0	static
../lvgl/src/indev/lv_indev.c:295:6:lv_indev_set_read_cb	0	static
../lvgl/src/indev/lv_indev.c:302:6:lv_indev_set_user_data	0	static
../lvgl/src/indev/lv_indev.c:308:6:lv_indev_set_driver_data	0	static
../lvgl/src/indev/lv_indev.c:314:20:lv_indev_get_read_cb	0	static
../lvgl/src/indev/lv_indev.c:324:17:lv_indev_get_type	0	static
../lvgl/src/indev/lv_indev.c:331:18:lv_indev_get_state	0	static
../lvgl/src/indev/lv_indev.c:338:14:lv_indev_get_group	0	static
../lvgl/src/indev/lv_indev.c:345:16:lv_indev_get_display	0	static
../lvgl/src/indev/lv_indev.c:352:6:lv_indev_set_display	0	static
../lvgl/src/indev/lv_indev.c:359:8:lv_indev_get_user_data	0	static
../lvgl/src/indev/lv_indev.c:365:8:lv_indev_get_driver_data	0	static
../lvgl/src/indev/lv_indev.c:387:6:lv_indev_reset_long_press	8	static
../lvgl/src/indev/lv_indev.c:394:6:lv_indev_set_cursor	16	static
../lvgl/src/indev/lv_indev.c:405:6:lv_indev_set_group	0	static
../lvgl/src/indev/lv_indev.c:412:6:lv_indev_set_button_points	0	static
../lvgl/src/indev/lv_indev.c:419:6:lv_indev_get_point	0	static
../lvgl/src/indev/lv_indev.c:435:10:lv_indev_get_gesture_dir	0	static
../lvgl/src/indev/lv_indev.c:440:10:lv_indev_get_key	0	static
../lvgl/src/indev/lv_indev.c:450:10:lv_indev_get_scroll_dir	0	static
../lvgl/src/indev/lv_indev.c:457:12:lv_indev_get_scroll_obj	0	static
../lvgl/src/indev/lv_indev.c:464:6:lv_indev_get_vect	0	static
../lvgl/src/indev/lv_indev.c:477:6:lv_indev_wait_release	0	static
../lvgl/src/indev/lv_indev.c:483:12:lv_indev_get_active_obj	0	static
../lvgl/src/indev/lv_indev.c:488:14:lv_indev_get_read_timer	0	static
../lvgl/src/indev/lv_indev.c:498:17:lv_indev_get_mode	0	static
../lvgl/src/indev/lv_indev.c:504:6:lv_indev_set_mode	8	static
../lvgl/src/indev/lv_indev.c:522:12:lv_indev_search_obj	48	static
../lvgl/src/indev/lv_indev.c:1399:19:pointer_search_obj	16	static
../lvgl/src/indev/lv_indev.c:558:6:lv_indev_add_event_cb	0	static
../lvgl/src/indev/lv_indev.c:565:10:lv_indev_get_event_count	0	static
../lvgl/src/indev/lv_indev.c:571:18:lv_indev_get_event_dsc	0	static
../lvgl/src/indev/lv_indev.c:578:6:lv_indev_remove_event	0	static
../lvgl/src/indev/lv_indev.c:585:10:lv_indev_remove_event_cb_with_user_data	24	static
../lvgl/src/indev/lv_indev.c:604:13:lv_indev_send_event	48	static
../lvgl/src/indev/lv_indev.c:141:6:lv_indev_delete	8	static
../lvgl/src/indev/lv_indev.c:1626:20:send_event	16	static
../lvgl/src/indev/lv_indev.c:1268:13:indev_proc_release	136	static
../lvgl/src/indev/lv_indev.c:1586:13:indev_reset_core	16	static
../lvgl/src/indev/lv_indev.c:372:6:lv_indev_reset	16	static
../lvgl/src/indev/lv_indev.c:1110:13:indev_proc_press	24	static
../lvgl/src/indev/lv_indev.c:200:6:lv_indev_read	72	static
../lvgl/src/indev/lv_indev.c:195:6:lv_indev_read_timer_cb	0	static
