../lvgl/src/draw/lv_draw_buf.c:560:15:buf_align	0	static
../lvgl/src/draw/lv_draw_buf.c:571:17:width_to_stride	8	static
../lvgl/src/draw/lv_draw_buf.c:555:13:buf_free	0	static
../lvgl/src/draw/lv_draw_buf.c:546:15:buf_malloc	0	static
../lvgl/src/draw/../misc/lv_color.h:452:20:lv_color_premultiply	0	static
../lvgl/src/draw/../misc/lv_color.h:468:20:lv_color16_premultiply	4	static
../lvgl/src/draw/lv_draw_buf.c:58:6:lv_draw_buf_init_with_default_handlers	8	static
../lvgl/src/draw/lv_draw_buf.c:51:6:_lv_draw_buf_init_handlers	8	static
../lvgl/src/draw/lv_draw_buf.c:63:6:lv_draw_buf_init_handlers	24	static
../lvgl/src/draw/lv_draw_buf.c:80:26:lv_draw_buf_get_handlers	0	static
../lvgl/src/draw/lv_draw_buf.c:90:10:lv_draw_buf_width_to_stride_user	0	static
../lvgl/src/draw/lv_draw_buf.c:85:10:lv_draw_buf_width_to_stride	0	static
../lvgl/src/draw/lv_draw_buf.c:595:17:_calculate_draw_buf_size	16	static
../lvgl/src/draw/lv_draw_buf.c:102:8:lv_draw_buf_align_user	0	static
../lvgl/src/draw/lv_draw_buf.c:97:8:lv_draw_buf_align	0	static
../lvgl/src/draw/lv_draw_buf.c:113:6:lv_draw_buf_invalidate_cache_user	40	static
../lvgl/src/draw/lv_draw_buf.c:108:6:lv_draw_buf_invalidate_cache	0	static
../lvgl/src/draw/lv_draw_buf.c:136:6:lv_draw_buf_flush_cache_user	40	static
../lvgl/src/draw/lv_draw_buf.c:131:6:lv_draw_buf_flush_cache	0	static
../lvgl/src/draw/lv_draw_buf.c:239:13:lv_draw_buf_init	32	static
../lvgl/src/draw/lv_draw_buf.c:275:17:lv_draw_buf_create_user	32	static
../lvgl/src/draw/lv_draw_buf.c:270:17:lv_draw_buf_create	16	static
../lvgl/src/draw/lv_draw_buf.c:311:17:lv_draw_buf_dup_user	24	static
../lvgl/src/draw/lv_draw_buf.c:306:17:lv_draw_buf_dup	0	static
../lvgl/src/draw/lv_draw_buf.c:328:17:lv_draw_buf_reshape	24	static
../lvgl/src/draw/lv_draw_buf.c:357:6:lv_draw_buf_destroy_user	8	static
../lvgl/src/draw/lv_draw_buf.c:352:6:lv_draw_buf_destroy	0	static
../lvgl/src/draw/lv_draw_buf.c:371:8:lv_draw_buf_goto_xy	16	static
../lvgl/src/draw/lv_draw_buf.c:154:6:lv_draw_buf_clear	24	static
../lvgl/src/draw/lv_draw_buf.c:184:6:lv_draw_buf_copy	40	static
../lvgl/src/draw/lv_draw_buf.c:387:13:lv_draw_buf_adjust_stride	32	static
../lvgl/src/draw/lv_draw_buf.c:450:13:lv_draw_buf_premultiply	48	static
../lvgl/src/draw/lv_draw_buf.c:528:6:lv_draw_buf_set_palette	8	static
