../lvgl/src/widgets/bar/../../core/../misc/../font/../draw/../misc/lv_area.h:132:23:lv_area_get_width	0	static
../lvgl/src/widgets/bar/../../core/../misc/../font/../draw/../misc/lv_area.h:142:23:lv_area_get_height	0	static
../lvgl/src/widgets/bar/lv_bar.c:270:13:lv_bar_destructor	8	static
../lvgl/src/widgets/bar/lv_bar.c:632:13:lv_bar_anim_completed	0	static
../lvgl/src/widgets/bar/lv_bar.c:625:13:lv_bar_anim	0	static
../lvgl/src/widgets/bar/lv_bar.c:646:13:lv_bar_set_value_with_anim	128	static
../lvgl/src/widgets/bar/lv_bar.c:79:12:lv_bar_create	8	static
../lvgl/src/widgets/bar/lv_bar.c:91:6:lv_bar_set_value	24	static
../lvgl/src/widgets/bar/lv_bar.c:242:13:lv_bar_constructor	16	static
../lvgl/src/widgets/bar/lv_bar.c:106:6:lv_bar_set_start_value	16	static
../lvgl/src/widgets/bar/lv_bar.c:124:6:lv_bar_set_range	16	static
../lvgl/src/widgets/bar/lv_bar.c:154:6:lv_bar_set_mode	0	static
../lvgl/src/widgets/bar/lv_bar.c:167:6:lv_bar_set_orientation	0	static
../lvgl/src/widgets/bar/lv_bar.c:180:9:lv_bar_get_value	0	static
../lvgl/src/widgets/bar/lv_bar.c:188:9:lv_bar_get_start_value	0	static
../lvgl/src/widgets/bar/lv_bar.c:198:9:lv_bar_get_min_value	0	static
../lvgl/src/widgets/bar/lv_bar.c:205:9:lv_bar_get_max_value	0	static
../lvgl/src/widgets/bar/lv_bar.c:213:15:lv_bar_get_mode	0	static
../lvgl/src/widgets/bar/lv_bar.c:221:22:lv_bar_get_orientation	0	static
../lvgl/src/widgets/bar/lv_bar.c:229:6:lv_bar_is_symmetrical	0	static
../lvgl/src/widgets/bar/lv_bar.c:279:13:draw_indic	512	static
../lvgl/src/widgets/bar/lv_bar.c:584:13:lv_bar_event	32	static
