../Core/Src/fire_controller_configuration.c:7:13:serialize_FCC	16	static
../Core/Src/fire_controller_configuration.c:12:13:deserialize_FCC	16	static
../Core/Src/fire_controller_configuration.c:18:19:read_fc_configuration	56	dynamic
../Core/Src/fire_controller_configuration.c:32:19:write_fc_configuration	56	dynamic
../Core/Src/fire_controller_configuration.c:50:6:fcc_set_furnace_temperature	16	static
../Core/Src/fire_controller_configuration.c:57:6:fcc_set_blower_hysteresis	16	static
../Core/Src/fire_controller_configuration.c:64:6:fcc_set_blower_min_power	16	static
../Core/Src/fire_controller_configuration.c:71:6:fcc_set_blower_max_power	16	static
../Core/Src/fire_controller_configuration.c:78:6:fcc_set_blowout_time	16	static
../Core/Src/fire_controller_configuration.c:85:6:fcc_set_blowout_break	16	static
../Core/Src/fire_controller_configuration.c:92:6:fcc_set_water_tank_temperature	16	static
../Core/Src/fire_controller_configuration.c:99:6:fcc_set_water_tank_pump_activation_temperature	16	static
../Core/Src/fire_controller_configuration.c:106:6:fcc_set_water_tank_pump_hysteresis	16	static
../Core/Src/fire_controller_configuration.c:113:6:fcc_set_furnace_tank_temperature_difference	16	static
../Core/Src/fire_controller_configuration.c:120:6:fcc_set_furnace_pump_activation_temperature	16	static
../Core/Src/fire_controller_configuration.c:127:6:fcc_set_furnace_pump_hysteresis	16	static
../Core/Src/fire_controller_configuration.c:134:6:fcc_set_temperature_offset	16	static
../Core/Src/fire_controller_configuration.c:141:6:fcc_set_furnace_turn_off_temperature	16	static
../Core/Src/fire_controller_configuration.c:148:6:fcc_set_underfloor_pump_active	16	static
../Core/Src/fire_controller_configuration.c:155:6:fcc_set_blower_active	16	static
