../Core/Src/fire_controller_configuration.c:7:6:serialize_FCC	0	static
../Core/Src/fire_controller_configuration.c:12:6:deserialize_FCC	0	static
../Core/Src/fire_controller_configuration.c:18:19:read_fc_configuration	32	static
../Core/Src/fire_controller_configuration.c:34:19:write_fc_configuration	40	static
../Core/Src/fire_controller_configuration.c:55:6:made_changes	0	static
../Core/Src/fire_controller_configuration.c:61:6:fcc_set_furnace_temperature	0	static
../Core/Src/fire_controller_configuration.c:68:6:fcc_set_blower_hysteresis	0	static
../Core/Src/fire_controller_configuration.c:75:6:fcc_set_blower_min_power	0	static
../Core/Src/fire_controller_configuration.c:82:6:fcc_set_blower_max_power	0	static
../Core/Src/fire_controller_configuration.c:89:6:fcc_set_blowout_time	0	static
../Core/Src/fire_controller_configuration.c:96:6:fcc_set_blowout_break	0	static
../Core/Src/fire_controller_configuration.c:103:6:fcc_set_water_tank_temperature	0	static
../Core/Src/fire_controller_configuration.c:110:6:fcc_set_water_tank_pump_activation_temperature	0	static
../Core/Src/fire_controller_configuration.c:117:6:fcc_set_water_tank_pump_hysteresis	0	static
../Core/Src/fire_controller_configuration.c:124:6:fcc_set_furnace_tank_temperature_difference	0	static
../Core/Src/fire_controller_configuration.c:131:6:fcc_set_furnace_pump_activation_temperature	0	static
../Core/Src/fire_controller_configuration.c:138:6:fcc_set_furnace_pump_hysteresis	0	static
../Core/Src/fire_controller_configuration.c:145:6:fcc_set_temperature_offset	0	static
../Core/Src/fire_controller_configuration.c:152:6:fcc_set_furnace_turn_off_temperature	0	static
../Core/Src/fire_controller_configuration.c:159:6:fcc_set_underfloor_pump_active	0	static
../Core/Src/fire_controller_configuration.c:166:6:fcc_set_blower_active	0	static
