../Core/Src/main.c:198:13:wrong_sensor_read	0	static
../Core/Src/main.c:179:13:activate_pump	8	static
../Core/Src/main.c:184:13:deactivate_pump	8	static
../Core/Src/main.c:149:5:__io_putchar	16	static
../Core/Src/main.c:161:6:HAL_SPI_TxCpltCallback	0	static
../Core/Src/main.c:170:6:HAL_TIM_PeriodElapsedCallback	24	static
../Core/Src/main.c:522:6:SystemClock_Config	96	static,ignoring_inline_asm
../Core/Src/main.c:227:5:main	56	static
../Core/Src/main.c:577:6:Error_Handler	0	static,ignoring_inline_asm
