../lvgl/src/widgets/span/../../misc/lv_text_private.h:89:20:lv_text_is_break_char	0	static
../lvgl/src/widgets/span/lv_span.c:775:16:convert_indent_pct	8	static
../lvgl/src/widgets/span/lv_span.c:1073:13:refresh_self_size	8	static
../lvgl/src/widgets/span/lv_span.c:547:13:lv_spangroup_destructor	16	static
../lvgl/src/widgets/span/lv_span.c:533:13:lv_spangroup_constructor	8	static
../lvgl/src/widgets/span/../../misc/lv_text_private.h:110:20:lv_text_is_a_word	0	static
../lvgl/src/widgets/span/lv_span.c:632:13:lv_text_get_snippet.constprop	32	static
../lvgl/src/widgets/span/lv_span.c:701:16:lv_span_get_style_text_letter_space	16	static
../lvgl/src/widgets/span/lv_span.c:687:26:lv_span_get_style_text_font	16	static
../lvgl/src/widgets/span/lv_span.c:798:13:lv_draw_span	368	static
../lvgl/src/widgets/span/lv_span.c:91:6:lv_span_stack_init	8	static
../lvgl/src/widgets/span/lv_span.c:100:6:lv_span_stack_deinit	0	static
../lvgl/src/widgets/span/lv_span.c:105:12:lv_spangroup_create	8	static
../lvgl/src/widgets/span/lv_span.c:112:13:lv_spangroup_new_span	16	static
../lvgl/src/widgets/span/lv_span.c:133:6:lv_spangroup_delete_span	24	static
../lvgl/src/widgets/span/lv_span.c:163:6:lv_span_set_text	16	static
../lvgl/src/widgets/span/lv_span.c:188:6:lv_span_set_text_static	16	static
../lvgl/src/widgets/span/lv_span.c:204:6:lv_spangroup_set_align	0	static
../lvgl/src/widgets/span/lv_span.c:209:6:lv_spangroup_set_overflow	4	static
../lvgl/src/widgets/span/lv_span.c:219:6:lv_spangroup_set_indent	0	static
../lvgl/src/widgets/span/lv_span.c:253:13:lv_spangroup_get_child	16	static
../lvgl/src/widgets/span/lv_span.c:290:10:lv_spangroup_get_span_count	0	static
../lvgl/src/widgets/span/lv_span.c:303:17:lv_spangroup_get_align	16	static
../lvgl/src/widgets/span/lv_span.c:308:20:lv_spangroup_get_overflow	0	static
../lvgl/src/widgets/span/lv_span.c:315:9:lv_spangroup_get_indent	0	static
../lvgl/src/widgets/span/lv_span.c:322:16:lv_spangroup_get_mode	0	static
../lvgl/src/widgets/span/lv_span.c:329:9:lv_spangroup_get_max_lines	0	static
../lvgl/src/widgets/span/lv_span.c:370:9:lv_spangroup_get_max_line_height	24	static
../lvgl/src/widgets/span/lv_span.c:388:10:lv_spangroup_get_expand_width	64	static
../lvgl/src/widgets/span/lv_span.c:420:9:lv_spangroup_get_expand_height	128	static
../lvgl/src/widgets/span/lv_span.c:564:13:lv_spangroup_event	16	static
../lvgl/src/widgets/span/lv_span.c:336:6:lv_spangroup_refr_mode	16	static
../lvgl/src/widgets/span/lv_span.c:230:6:lv_spangroup_set_mode	0	static
../lvgl/src/widgets/span/lv_span.c:241:6:lv_spangroup_set_max_lines	0	static
