../lvgl/src/widgets/calendar/lv_calendar.c:385:16:get_month_length	0	static
../lvgl/src/widgets/calendar/lv_calendar.c:337:13:draw_task_added_event_cb	24	static
../lvgl/src/widgets/calendar/lv_calendar.c:418:16:get_day_of_week.constprop	0	static
../lvgl/src/widgets/calendar/lv_calendar.c:432:13:highlight_update	16	static
../lvgl/src/widgets/calendar/lv_calendar.c:69:12:lv_calendar_create	8	static
../lvgl/src/widgets/calendar/lv_calendar.c:81:6:lv_calendar_set_day_names	4	static
../lvgl/src/widgets/calendar/lv_calendar.c:93:6:lv_calendar_set_today_date	4	static
../lvgl/src/widgets/calendar/lv_calendar.c:105:6:lv_calendar_set_highlighted_dates	0	static
../lvgl/src/widgets/calendar/lv_calendar.c:118:6:lv_calendar_set_showed_date	40	static
../lvgl/src/widgets/calendar/lv_calendar.c:284:13:lv_calendar_constructor	24	static
../lvgl/src/widgets/calendar/lv_calendar.c:217:12:lv_calendar_get_btnmatrix	0	static
../lvgl/src/widgets/calendar/lv_calendar.c:224:28:lv_calendar_get_today_date	0	static
../lvgl/src/widgets/calendar/lv_calendar.c:232:28:lv_calendar_get_showed_date	0	static
../lvgl/src/widgets/calendar/lv_calendar.c:240:22:lv_calendar_get_highlighted_dates	0	static
../lvgl/src/widgets/calendar/lv_calendar.c:248:8:lv_calendar_get_highlighted_dates_num	0	static
../lvgl/src/widgets/calendar/lv_calendar.c:256:13:lv_calendar_get_pressed_date	16	static
