../lvgl/src/draw/sw/../../misc/../font/../draw/../misc/../stdlib/lv_string.h:73:20:lv_memzero	0	static
../lvgl/src/draw/sw/lv_draw_sw_mask.c:1227:46:mask_mix	0	static
../lvgl/src/draw/sw/lv_draw_sw_mask.c:995:52:lv_draw_mask_map	24	static
../lvgl/src/draw/sw/lv_draw_sw_mask.c:381:52:lv_draw_mask_line	32	static
../lvgl/src/draw/sw/lv_draw_sw_mask.c:701:52:lv_draw_mask_angle	40	static
../lvgl/src/draw/sw/lv_draw_sw_mask.c:839:52:lv_draw_mask_radius	48	static
../lvgl/src/draw/sw/lv_draw_sw_mask.c:949:52:lv_draw_mask_fade	24	static
../lvgl/src/draw/sw/lv_draw_sw_mask.c:80:6:lv_draw_sw_mask_init	0	static
../lvgl/src/draw/sw/lv_draw_sw_mask.c:85:6:lv_draw_sw_mask_deinit	0	static
../lvgl/src/draw/sw/lv_draw_sw_mask.c:90:45:lv_draw_sw_mask_apply	40	static
../lvgl/src/draw/sw/lv_draw_sw_mask.c:109:6:lv_draw_sw_mask_free_param	8	static
../lvgl/src/draw/sw/lv_draw_sw_mask.c:129:6:_lv_draw_sw_mask_cleanup	16	static
../lvgl/src/draw/sw/lv_draw_sw_mask.c:140:6:lv_draw_sw_mask_line_points_init	32	static
../lvgl/src/draw/sw/lv_draw_sw_mask.c:222:6:lv_draw_sw_mask_line_angle_init	32	static
../lvgl/src/draw/sw/lv_draw_sw_mask.c:240:6:lv_draw_sw_mask_angle_init	32	static
../lvgl/src/draw/sw/lv_draw_sw_mask.c:293:6:lv_draw_sw_mask_radius_init	96	static
../lvgl/src/draw/sw/lv_draw_sw_mask.c:356:6:lv_draw_sw_mask_fade_init	8	static
../lvgl/src/draw/sw/lv_draw_sw_mask.c:369:6:lv_draw_sw_mask_map_init	0	static
