../lvgl/src/core/../misc/lv_style.h:533:30:lv_style_get_prop_inlined	16	static
../lvgl/src/core/lv_obj_style.c:691:23:get_prop_core	48	static
../lvgl/src/core/lv_obj_style.c:1050:23:get_selector_style_prop	24	static
../lvgl/src/core/lv_obj_style.c:772:13:refresh_children_style	24	static
../lvgl/src/core/lv_obj_style.c:1017:13:fade_anim_cb	0	static
../lvgl/src/core/lv_obj_style.c:795:13:trans_delete.isra	40	static
../lvgl/src/core/lv_obj_style.c:664:26:get_trans_style	16	static
../lvgl/src/core/lv_obj_style.c:1027:13:style_has_flag.constprop	16	static
../lvgl/src/core/lv_obj_style.c:81:6:_lv_obj_style_init	0	static
../lvgl/src/core/lv_obj_style.c:86:6:_lv_obj_style_deinit	8	static
../lvgl/src/core/lv_obj_style.c:318:6:lv_obj_enable_style_refresh	0	static
../lvgl/src/core/lv_obj_style.c:323:18:lv_obj_get_style_prop	24	static
../lvgl/src/core/lv_obj_style.c:337:6:lv_obj_has_style_prop	16	static
../lvgl/src/core/lv_obj_style.c:373:16:lv_obj_get_local_style_prop	20	static
../lvgl/src/core/lv_obj_style.c:467:18:_lv_obj_style_apply_color_filter	32	static
../lvgl/src/core/lv_obj_style.c:478:23:_lv_obj_style_state_compare	40	static
../lvgl/src/core/lv_obj_style.c:539:6:lv_obj_fade_in	104	static
../lvgl/src/core/lv_obj_style.c:552:6:lv_obj_fade_out	112	static
../lvgl/src/core/lv_obj_style.c:564:17:lv_obj_calculate_style_text_align	24	static
../lvgl/src/core/lv_obj_style.c:572:10:lv_obj_get_style_opa_recursive	24	static
../lvgl/src/core/lv_obj_style.c:605:6:_lv_obj_update_layer_type	24	static
../lvgl/src/core/lv_obj_style.c:272:6:lv_obj_refresh_style	48	static
../lvgl/src/core/lv_obj_style.c:154:6:lv_obj_replace_style	48	static
../lvgl/src/core/lv_obj_style.c:200:6:lv_obj_remove_style	40	static
../lvgl/src/core/lv_obj_style.c:253:6:lv_obj_remove_style_all	0	static
../lvgl/src/core/lv_obj_style.c:916:13:trans_anim_completed_cb	24	static
../lvgl/src/core/lv_obj_style.c:95:6:lv_obj_add_style	32	static
../lvgl/src/core/lv_obj_style.c:750:13:report_style_change_core	24	static
../lvgl/src/core/lv_obj_style.c:258:6:lv_obj_report_style_change	16	static
../lvgl/src/core/lv_obj_style.c:350:6:lv_obj_set_local_style_prop	40	static
../lvgl/src/core/lv_obj_style.c:387:6:lv_obj_remove_local_style_prop	24	static
../lvgl/src/core/lv_obj_style.c:1022:13:fade_in_anim_completed	0	static
../lvgl/src/core/lv_obj_style.c:412:6:_lv_obj_style_create_transition	128	static
../lvgl/src/core/lv_obj_style.c:893:13:trans_anim_start_cb	16	static
../lvgl/src/core/lv_obj_style.c:829:13:trans_anim_cb	40	static
