../lvgl/src/core/lv_obj_style_gen.h:633:29:lv_obj_get_style_base_dir	16	static
../lvgl/src/core/lv_obj_scroll.c:680:13:scroll_end_cb	0	static
../lvgl/src/core/lv_obj_style.h:300:23:lv_obj_get_style_space_left.constprop	24	static
../lvgl/src/core/lv_obj_style.h:324:23:lv_obj_get_style_space_bottom.constprop	24	static
../lvgl/src/core/lv_obj_style.h:316:23:lv_obj_get_style_space_top.constprop	24	static
../lvgl/src/core/lv_obj_style.h:308:23:lv_obj_get_style_space_right.constprop	24	static
../lvgl/src/core/lv_obj_scroll.c:56:6:lv_obj_set_scrollbar_mode	16	static
../lvgl/src/core/lv_obj_scroll.c:67:6:lv_obj_set_scroll_dir	16	static
../lvgl/src/core/lv_obj_scroll.c:76:6:lv_obj_set_scroll_snap_x	16	static
../lvgl/src/core/lv_obj_scroll.c:82:6:lv_obj_set_scroll_snap_y	16	static
../lvgl/src/core/lv_obj_scroll.c:92:21:lv_obj_get_scrollbar_mode	0	static
../lvgl/src/core/lv_obj_scroll.c:98:10:lv_obj_get_scroll_dir	0	static
../lvgl/src/core/lv_obj_scroll.c:104:18:lv_obj_get_scroll_snap_x	0	static
../lvgl/src/core/lv_obj_scroll.c:110:18:lv_obj_get_scroll_snap_y	0	static
../lvgl/src/core/lv_obj_scroll.c:116:9:lv_obj_get_scroll_x	0	static
../lvgl/src/core/lv_obj_scroll.c:122:9:lv_obj_get_scroll_y	0	static
../lvgl/src/core/lv_obj_scroll.c:128:9:lv_obj_get_scroll_top	0	static
../lvgl/src/core/lv_obj_scroll.c:134:9:lv_obj_get_scroll_bottom	40	static
../lvgl/src/core/lv_obj_scroll.c:162:9:lv_obj_get_scroll_left	48	static
../lvgl/src/core/lv_obj_scroll.c:205:9:lv_obj_get_scroll_right	40	static
../lvgl/src/core/lv_obj_scroll.c:242:6:lv_obj_get_scroll_end	16	static
../lvgl/src/core/lv_obj_scroll.c:411:13:_lv_obj_scroll_by_raw	16	static
../lvgl/src/core/lv_obj_scroll.c:675:13:scroll_y_anim	8	static
../lvgl/src/core/lv_obj_scroll.c:670:13:scroll_x_anim	8	static
../lvgl/src/core/lv_obj_scroll.c:304:6:lv_obj_scroll_by	112	static
../lvgl/src/core/lv_obj_scroll.c:256:6:lv_obj_scroll_by_bounded	32	static
../lvgl/src/core/lv_obj_scroll.c:367:6:lv_obj_scroll_to_x	16	static
../lvgl/src/core/lv_obj_scroll.c:377:6:lv_obj_scroll_to_y	16	static
../lvgl/src/core/lv_obj_scroll.c:361:6:lv_obj_scroll_to	16	static
../lvgl/src/core/lv_obj_scroll.c:686:13:scroll_area_into_view	72	static
../lvgl/src/core/lv_obj_scroll.c:387:6:lv_obj_scroll_to_view	24	static
../lvgl/src/core/lv_obj_scroll.c:396:6:lv_obj_scroll_to_view_recursive	24	static
../lvgl/src/core/lv_obj_scroll.c:427:6:lv_obj_is_scrolling	16	static
../lvgl/src/core/lv_obj_scroll.c:438:6:lv_obj_update_snap	24	static
../lvgl/src/core/lv_obj_scroll.c:448:6:lv_obj_get_scrollbar_area	104	static
../lvgl/src/core/lv_obj_scroll.c:621:6:lv_obj_scrollbar_invalidate	40	static
../lvgl/src/core/lv_obj_scroll.c:633:6:lv_obj_readjust_scroll	24	static
