../lvgl/src/misc/lv_fs.c:46:6:_lv_fs_init	0	static
../lvgl/src/misc/lv_fs.c:51:6:_lv_fs_deinit	0	static
../lvgl/src/misc/lv_fs.c:136:6:lv_fs_make_path_from_buffer	0	static
../lvgl/src/misc/lv_fs.c:145:13:lv_fs_close	16	static
../lvgl/src/misc/lv_fs.c:177:13:lv_fs_read	64	static
../lvgl/src/misc/lv_fs.c:208:13:lv_fs_write	48	static
../lvgl/src/misc/lv_fs.c:240:13:lv_fs_seek	24	static
../lvgl/src/misc/lv_fs.c:268:13:lv_fs_tell	4	static
../lvgl/src/misc/lv_fs.c:335:13:lv_fs_dir_read	8	static
../lvgl/src/misc/lv_fs.c:360:13:lv_fs_dir_close	8	static
../lvgl/src/misc/lv_fs.c:382:6:lv_fs_drv_init	0	static
../lvgl/src/misc/lv_fs.c:387:6:lv_fs_drv_register	8	static
../lvgl/src/misc/lv_fs.c:398:15:lv_fs_get_drv	16	static
../lvgl/src/misc/lv_fs.c:56:6:lv_fs_is_ready	8	static
../lvgl/src/misc/lv_fs.c:67:13:lv_fs_open	24	static
../lvgl/src/misc/lv_fs.c:296:13:lv_fs_dir_open	16	static
../lvgl/src/misc/lv_fs.c:411:8:lv_fs_get_letters	16	static
../lvgl/src/misc/lv_fs.c:426:14:lv_fs_get_ext	8	static
../lvgl/src/misc/lv_fs.c:441:8:lv_fs_up	8	static
../lvgl/src/misc/lv_fs.c:467:14:lv_fs_get_last	8	static
