../lvgl/src/misc/lv_text.c:467:16:lv_text_utf8_size	0	static
../lvgl/src/misc/lv_text.c:549:17:lv_text_utf8_next	24	static
../lvgl/src/misc/lv_text.c:657:17:lv_text_utf8_get_byte_id	16	static
../lvgl/src/misc/lv_text.c:677:17:lv_text_utf8_get_char_id	24	static
../lvgl/src/misc/lv_text.c:696:17:lv_text_utf8_get_length	24	static
../lvgl/src/misc/lv_text.c:521:17:lv_text_utf8_conv_wc	24	static
../lvgl/src/misc/lv_text_private.h:110:20:lv_text_is_a_word	0	static
../lvgl/src/misc/lv_text.c:485:17:lv_text_unicode_to_utf8	8	static
../lvgl/src/misc/lv_text.c:624:17:lv_text_utf8_prev	24	static
../lvgl/src/misc/lv_text.c:275:10:lv_text_get_next_line	104	static
../lvgl/src/misc/lv_text.c:372:6:lv_text_ins	24	static
../lvgl/src/misc/lv_text.c:393:6:lv_text_cut	24	static
../lvgl/src/misc/lv_text.c:409:8:lv_text_set_text_vfmt	32	static
../lvgl/src/misc/lv_text.c:451:6:lv_text_encoded_letter_next_2	24	static
../lvgl/src/misc/lv_text.c:341:9:lv_text_get_width	40	static
../lvgl/src/misc/lv_text.c:92:6:lv_text_get_size	64	static
