../lvgl/src/widgets/line/lv_line.c:172:34:resolve_point_coord	0	static
../lvgl/src/widgets/line/lv_line.c:141:13:lv_line_constructor	0	static
../lvgl/src/widgets/line/lv_line.c:182:13:lv_line_event	128	static
../lvgl/src/widgets/line/lv_line.c:54:12:lv_line_create	8	static
../lvgl/src/widgets/line/lv_line.c:66:6:lv_line_set_points	8	static
../lvgl/src/widgets/line/lv_line.c:71:6:lv_line_set_points_mutable	8	static
../lvgl/src/widgets/line/lv_line.c:76:6:lv_line_set_y_invert	4	static
../lvgl/src/widgets/line/lv_line.c:92:28:lv_line_get_points	0	static
../lvgl/src/widgets/line/lv_line.c:100:10:lv_line_get_point_count	0	static
../lvgl/src/widgets/line/lv_line.c:108:6:lv_line_is_point_array_mutable	0	static
../lvgl/src/widgets/line/lv_line.c:116:22:lv_line_get_points_mutable	0	static
../lvgl/src/widgets/line/lv_line.c:128:6:lv_line_get_y_invert	0	static
